Component: ARM Compiler 5.06 update 6 (build 750) Tool: armlink [4d35ed]

==============================================================================

Section Cross References

    main.o(i.TIM2_IRQHandler) refers to stm32f10x_tim.o(i.TIM_GetITStatus) for TIM_GetITStatus
    main.o(i.TIM2_IRQHandler) refers to stm32f10x_tim.o(i.TIM_ClearITPendingBit) for TIM_ClearITPendingBit
    main.o(i.TIM2_IRQHandler) refers to main.o(.data) for .data
    main.o(i.TIM2_Int_Init) refers to stm32f10x_rcc.o(i.RCC_APB1PeriphClockCmd) for RCC_APB1PeriphClockCmd
    main.o(i.TIM2_Int_Init) refers to stm32f10x_tim.o(i.TIM_TimeBaseInit) for TIM_TimeBaseInit
    main.o(i.TIM2_Int_Init) refers to stm32f10x_tim.o(i.TIM_ITConfig) for TIM_ITConfig
    main.o(i.TIM2_Int_Init) refers to misc.o(i.NVIC_Init) for NVIC_Init
    main.o(i.TIM2_Int_Init) refers to stm32f10x_tim.o(i.TIM_Cmd) for TIM_Cmd
    main.o(i.TIM2_SoftTimerTick) refers to main.o(.data) for .data
    main.o(i.TIM3_IRQHandler) refers to stm32f10x_tim.o(i.TIM_GetITStatus) for TIM_GetITStatus
    main.o(i.TIM3_IRQHandler) refers to stm32f10x_tim.o(i.TIM_ClearITPendingBit) for TIM_ClearITPendingBit
    main.o(i.TIM3_IRQHandler) refers to main.o(.data) for .data
    main.o(i.TIM3_Int_Init) refers to stm32f10x_rcc.o(i.RCC_APB1PeriphClockCmd) for RCC_APB1PeriphClockCmd
    main.o(i.TIM3_Int_Init) refers to stm32f10x_tim.o(i.TIM_TimeBaseInit) for TIM_TimeBaseInit
    main.o(i.TIM3_Int_Init) refers to stm32f10x_tim.o(i.TIM_ITConfig) for TIM_ITConfig
    main.o(i.TIM3_Int_Init) refers to misc.o(i.NVIC_Init) for NVIC_Init
    main.o(i.TIM3_Int_Init) refers to stm32f10x_tim.o(i.TIM_Cmd) for TIM_Cmd
    main.o(i.UART_Report) refers to main.o(i.UART_Trans) for UART_Trans
    main.o(i.UART_Trans) refers to stm32f10x_usart.o(i.USART_SendData) for USART_SendData
    main.o(i.UART_Trans) refers to stm32f10x_usart.o(i.USART_GetFlagStatus) for USART_GetFlagStatus
    main.o(i.led_timer_cb) refers to multitimer.o(i.MultiTimerRestart) for MultiTimerRestart
    main.o(i.main) refers to delay.o(i.delay_init) for delay_init
    main.o(i.main) refers to misc.o(i.NVIC_PriorityGroupConfig) for NVIC_PriorityGroupConfig
    main.o(i.main) refers to led.o(i.LED_Init) for LED_Init
    main.o(i.main) refers to usart.o(i.uart_init) for uart_init
    main.o(i.main) refers to usart.o(i.uart_sensor_init) for uart_sensor_init
    main.o(i.main) refers to main.o(i.TIM3_Int_Init) for TIM3_Int_Init
    main.o(i.main) refers to main.o(i.TIM2_Int_Init) for TIM2_Int_Init
    main.o(i.main) refers to multitimer.o(i.MultiTimerInstall) for MultiTimerInstall
    main.o(i.main) refers to myiic.o(i.IIC_Init) for IIC_Init
    main.o(i.main) refers to sht20_iic.o(i.SHT20_IIC_Init) for SHT20_IIC_Init
    main.o(i.main) refers to ms5837.o(i.MS5837_Init) for MS5837_Init
    main.o(i.main) refers to ms5837.o(i.MS5837_SetRefPressure) for MS5837_SetRefPressure
    main.o(i.main) refers to sht20.o(i.SHT20_Init) for SHT20_Init
    main.o(i.main) refers to multitimer.o(i.MultiTimerStart) for MultiTimerStart
    main.o(i.main) refers to multitimer.o(i.MultiTimerYield) for MultiTimerYield
    main.o(i.main) refers to ms5837.o(i.MS5837_getData) for MS5837_getData
    main.o(i.main) refers to ms5837.o(i.MS5837_ReadDepth_filtered) for MS5837_ReadDepth_filtered
    main.o(i.main) refers to sht20.o(i.SHT20_getData) for SHT20_getData
    main.o(i.main) refers to fmul.o(.text) for __aeabi_fmul
    main.o(i.main) refers to ffixui.o(.text) for __aeabi_f2uiz
    main.o(i.main) refers to ffltui.o(.text) for __aeabi_ui2f
    main.o(i.main) refers to fadd.o(.text) for __aeabi_frsub
    main.o(i.main) refers to printf1.o(i.__0printf$1) for __2printf
    main.o(i.main) refers to main.o(i.UART_Report) for UART_Report
    main.o(i.main) refers to main.o(i.TIM2_SoftTimerTick) for TIM2_SoftTimerTick
    main.o(i.main) refers to main.o(i.led_timer_cb) for led_timer_cb
    main.o(i.main) refers to main.o(.bss) for .bss
    main.o(i.main) refers to ms5837.o(i.MS5837_GetDataTask_cb) for MS5837_GetDataTask_cb
    main.o(i.main) refers to ms5837.o(.bss) for MS5837_recv_timer
    main.o(i.main) refers to sht20.o(i.SHT20_GetDataTask_cb) for SHT20_GetDataTask_cb
    main.o(i.main) refers to sht20.o(.bss) for SHT20_recv_timer
    main.o(i.main) refers to main.o(.data) for .data
    system_stm32f10x.o(i.SystemCoreClockUpdate) refers to system_stm32f10x.o(.data) for .data
    system_stm32f10x.o(i.SystemInit) refers to system_stm32f10x.o(i.SetSysClockTo72) for SetSysClockTo72
    startup_stm32f10x_ld.o(RESET) refers to startup_stm32f10x_ld.o(STACK) for __initial_sp
    startup_stm32f10x_ld.o(RESET) refers to startup_stm32f10x_ld.o(.text) for Reset_Handler
    startup_stm32f10x_ld.o(RESET) refers to stm32f10x_it.o(i.NMI_Handler) for NMI_Handler
    startup_stm32f10x_ld.o(RESET) refers to stm32f10x_it.o(i.HardFault_Handler) for HardFault_Handler
    startup_stm32f10x_ld.o(RESET) refers to stm32f10x_it.o(i.MemManage_Handler) for MemManage_Handler
[...]
    Removing stm32f10x_crc.o(i.CRC_CalcBlockCRC), (28 bytes).
    Removing stm32f10x_crc.o(i.CRC_CalcCRC), (12 bytes).
    Removing stm32f10x_crc.o(i.CRC_GetCRC), (12 bytes).
    Removing stm32f10x_crc.o(i.CRC_GetIDRegister), (12 bytes).
    Removing stm32f10x_crc.o(i.CRC_ResetDR), (12 bytes).
    Removing stm32f10x_crc.o(i.CRC_SetIDRegister), (12 bytes).
    Removing stm32f10x_dac.o(i.DAC_Cmd), (24 bytes).
    Removing stm32f10x_dac.o(i.DAC_DMACmd), (24 bytes).
    Removing stm32f10x_dac.o(i.DAC_DeInit), (24 bytes).
    Removing stm32f10x_dac.o(i.DAC_DualSoftwareTriggerCmd), (28 bytes).
    Removing stm32f10x_dac.o(i.DAC_GetDataOutputValue), (24 bytes).
    Removing stm32f10x_dac.o(i.DAC_Init), (40 bytes).
    Removing stm32f10x_dac.o(i.DAC_SetChannel1Data), (20 bytes).
    Removing stm32f10x_dac.o(i.DAC_SetChannel2Data), (20 bytes).
    Removing stm32f10x_dac.o(i.DAC_SetDualChannelData), (28 bytes).
    Removing stm32f10x_dac.o(i.DAC_SoftwareTriggerCmd), (28 bytes).
    Removing stm32f10x_dac.o(i.DAC_StructInit), (12 bytes).
    Removing stm32f10x_dac.o(i.DAC_WaveGenerationCmd), (24 bytes).
    Removing stm32f10x_dbgmcu.o(i.DBGMCU_Config), (24 bytes).
    Removing stm32f10x_dbgmcu.o(i.DBGMCU_GetDEVID), (16 bytes).
    Removing stm32f10x_dbgmcu.o(i.DBGMCU_GetREVID), (12 bytes).
    Removing stm32f10x_dma.o(i.DMA_ClearFlag), (24 bytes).
    Removing stm32f10x_dma.o(i.DMA_ClearITPendingBit), (24 bytes).
    Removing stm32f10x_dma.o(i.DMA_Cmd), (22 bytes).
    Removing stm32f10x_dma.o(i.DMA_DeInit), (228 bytes).
    Removing stm32f10x_dma.o(i.DMA_GetCurrDataCounter), (6 bytes).
    Removing stm32f10x_dma.o(i.DMA_GetFlagStatus), (32 bytes).
    Removing stm32f10x_dma.o(i.DMA_GetITStatus), (32 bytes).
    Removing stm32f10x_dma.o(i.DMA_ITConfig), (16 bytes).
    Removing stm32f10x_dma.o(i.DMA_Init), (58 bytes).
    Removing stm32f10x_dma.o(i.DMA_SetCurrDataCounter), (4 bytes).
    Removing stm32f10x_dma.o(i.DMA_StructInit), (26 bytes).
    Removing stm32f10x_exti.o(i.EXTI_ClearFlag), (12 bytes).
    Removing stm32f10x_exti.o(i.EXTI_ClearITPendingBit), (12 bytes).
    Removing stm32f10x_exti.o(i.EXTI_DeInit), (36 bytes).
    Removing stm32f10x_exti.o(i.EXTI_GenerateSWInterrupt), (16 bytes).
    Removing stm32f10x_exti.o(i.EXTI_GetFlagStatus), (20 bytes).
    Removing stm32f10x_exti.o(i.EXTI_GetITStatus), (32 bytes).
    Removing stm32f10x_exti.o(i.EXTI_Init), (112 bytes).
    Removing stm32f10x_exti.o(i.EXTI_StructInit), (14 bytes).
    Removing stm32f10x_flash.o(i.FLASH_ClearFlag), (12 bytes).
    Removing stm32f10x_flash.o(i.FLASH_EnableWriteProtection), (172 bytes).
    Removing stm32f10x_flash.o(i.FLASH_EraseAllBank1Pages), (56 bytes).
    Removing stm32f10x_flash.o(i.FLASH_EraseAllPages), (56 bytes).
    Removing stm32f10x_flash.o(i.FLASH_EraseOptionBytes), (124 bytes).
    Removing stm32f10x_flash.o(i.FLASH_ErasePage), (60 bytes).
    Removing stm32f10x_flash.o(i.FLASH_GetBank1Status), (40 bytes).
    Removing stm32f10x_flash.o(i.FLASH_GetFlagStatus), (32 bytes).
    Removing stm32f10x_flash.o(i.FLASH_GetPrefetchBufferStatus), (20 bytes).
    Removing stm32f10x_flash.o(i.FLASH_GetReadOutProtectionStatus), (20 bytes).
    Removing stm32f10x_flash.o(i.FLASH_GetStatus), (40 bytes).
    Removing stm32f10x_flash.o(i.FLASH_GetUserOptionByte), (12 bytes).
    Removing stm32f10x_flash.o(i.FLASH_GetWriteProtectionOptionByte), (12 bytes).
    Removing stm32f10x_flash.o(i.FLASH_HalfCycleAccessCmd), (24 bytes).
    Removing stm32f10x_flash.o(i.FLASH_ITConfig), (24 bytes).
    Removing stm32f10x_flash.o(i.FLASH_Lock), (16 bytes).
    Removing stm32f10x_flash.o(i.FLASH_LockBank1), (16 bytes).
    Removing stm32f10x_flash.o(i.FLASH_PrefetchBufferCmd), (24 bytes).
    Removing stm32f10x_flash.o(i.FLASH_ProgramHalfWord), (52 bytes).
    Removing stm32f10x_flash.o(i.FLASH_ProgramOptionByteData), (76 bytes).
    Removing stm32f10x_flash.o(i.FLASH_ProgramWord), (80 bytes).
    Removing stm32f10x_flash.o(i.FLASH_ReadOutProtection), (136 bytes).
    Removing stm32f10x_flash.o(i.FLASH_SetLatency), (20 bytes).
    Removing stm32f10x_flash.o(i.FLASH_Unlock), (24 bytes).
    Removing stm32f10x_flash.o(i.FLASH_UnlockBank1), (24 bytes).
    Removing stm32f10x_flash.o(i.FLASH_UserOptionByteConfig), (96 bytes).
    Removing stm32f10x_flash.o(i.FLASH_WaitForLastBank1Operation), (36 bytes).
    Removing stm32f10x_flash.o(i.FLASH_WaitForLastOperation), (36 bytes).
    Removing stm32f10x_fsmc.o(i.FSMC_ClearFlag), (38 bytes).
    Removing stm32f10x_fsmc.o(i.FSMC_ClearITPendingBit), (44 bytes).
    Removing stm32f10x_fsmc.o(i.FSMC_GetECC), (18 bytes).
    Removing stm32f10x_fsmc.o(i.FSMC_GetFlagStatus), (40 bytes).
    Removing stm32f10x_fsmc.o(i.FSMC_GetITStatus), (48 bytes).
    Removing stm32f10x_fsmc.o(i.FSMC_ITConfig), (72 bytes).
    Removing stm32f10x_fsmc.o(i.FSMC_NANDCmd), (56 bytes).
    Removing stm32f10x_fsmc.o(i.FSMC_NANDDeInit), (40 bytes).
    Removing stm32f10x_fsmc.o(i.FSMC_NANDECCCmd), (56 bytes).
    Removing stm32f10x_fsmc.o(i.FSMC_NANDInit), (104 bytes).
    Removing stm32f10x_fsmc.o(i.FSMC_NANDStructInit), (54 bytes).
    Removing stm32f10x_fsmc.o(i.FSMC_NORSRAMCmd), (32 bytes).
    Removing stm32f10x_fsmc.o(i.FSMC_NORSRAMDeInit), (40 bytes).
    Removing stm32f10x_fsmc.o(i.FSMC_NORSRAMInit), (200 bytes).
    Removing stm32f10x_fsmc.o(i.FSMC_NORSRAMStructInit), (98 bytes).
    Removing stm32f10x_fsmc.o(i.FSMC_PCCARDCmd), (32 bytes).
    Removing stm32f10x_fsmc.o(i.FSMC_PCCARDDeInit), (26 bytes).
    Removing stm32f10x_fsmc.o(i.FSMC_PCCARDInit), (102 bytes).
    Removing stm32f10x_fsmc.o(i.FSMC_PCCARDStructInit), (60 bytes).
    Removing stm32f10x_gpio.o(i.GPIO_AFIODeInit), (22 bytes).
    Removing stm32f10x_gpio.o(i.GPIO_DeInit), (180 bytes).
    Removing stm32f10x_gpio.o(i.GPIO_ETH_MediaInterfaceConfig), (12 bytes).
    Removing stm32f10x_gpio.o(i.GPIO_EXTILineConfig), (40 bytes).
    Removing stm32f10x_gpio.o(i.GPIO_EventOutputCmd), (12 bytes).
    Removing stm32f10x_gpio.o(i.GPIO_EventOutputConfig), (28 bytes).
    Removing stm32f10x_gpio.o(i.GPIO_PinLockConfig), (16 bytes).
    Removing stm32f10x_gpio.o(i.GPIO_PinRemapConfig), (88 bytes).
    Removing stm32f10x_gpio.o(i.GPIO_ReadInputData), (6 bytes).
    Removing stm32f10x_gpio.o(i.GPIO_ReadInputDataBit), (14 bytes).
    Removing stm32f10x_gpio.o(i.GPIO_ReadOutputData), (6 bytes).
    Removing stm32f10x_gpio.o(i.GPIO_ReadOutputDataBit), (14 bytes).
    Removing stm32f10x_gpio.o(i.GPIO_ResetBits), (4 bytes).
    Removing stm32f10x_gpio.o(i.GPIO_StructInit), (16 bytes).
    Removing stm32f10x_gpio.o(i.GPIO_Write), (4 bytes).
    Removing stm32f10x_gpio.o(i.GPIO_WriteBit), (10 bytes).
    Removing stm32f10x_i2c.o(i.I2C_ARPCmd), (20 bytes).
    Removing stm32f10x_i2c.o(i.I2C_AcknowledgeConfig), (20 bytes).
    Removing stm32f10x_i2c.o(i.I2C_CalculatePEC), (20 bytes).
    Removing stm32f10x_i2c.o(i.I2C_CheckEvent), (24 bytes).
    Removing stm32f10x_i2c.o(i.I2C_ClearFlag), (6 bytes).
    Removing stm32f10x_i2c.o(i.I2C_ClearITPendingBit), (6 bytes).
    Removing stm32f10x_i2c.o(i.I2C_Cmd), (20 bytes).
    Removing stm32f10x_i2c.o(i.I2C_DMACmd), (20 bytes).
    Removing stm32f10x_i2c.o(i.I2C_DMALastTransferCmd), (20 bytes).
    Removing stm32f10x_i2c.o(i.I2C_DeInit), (44 bytes).
    Removing stm32f10x_i2c.o(i.I2C_DualAddressCmd), (20 bytes).
    Removing stm32f10x_i2c.o(i.I2C_FastModeDutyCycleConfig), (22 bytes).
    Removing stm32f10x_i2c.o(i.I2C_GeneralCallCmd), (20 bytes).
    Removing stm32f10x_i2c.o(i.I2C_GenerateSTART), (20 bytes).
    Removing stm32f10x_i2c.o(i.I2C_GenerateSTOP), (20 bytes).
    Removing stm32f10x_i2c.o(i.I2C_GetFlagStatus), (42 bytes).
    Removing stm32f10x_i2c.o(i.I2C_GetITStatus), (36 bytes).
    Removing stm32f10x_i2c.o(i.I2C_GetLastEvent), (14 bytes).
    Removing stm32f10x_i2c.o(i.I2C_GetPEC), (6 bytes).
    Removing stm32f10x_i2c.o(i.I2C_ITConfig), (16 bytes).
    Removing stm32f10x_i2c.o(i.I2C_Init), (188 bytes).
    Removing stm32f10x_i2c.o(i.I2C_NACKPositionConfig), (22 bytes).
    Removing stm32f10x_i2c.o(i.I2C_OwnAddress2Config), (16 bytes).
    Removing stm32f10x_i2c.o(i.I2C_PECPositionConfig), (22 bytes).
    Removing stm32f10x_i2c.o(i.I2C_ReadRegister), (10 bytes).
    Removing stm32f10x_i2c.o(i.I2C_ReceiveData), (6 bytes).
    Removing stm32f10x_i2c.o(i.I2C_SMBusAlertConfig), (22 bytes).
    Removing stm32f10x_i2c.o(i.I2C_Send7bitAddress), (16 bytes).
    Removing stm32f10x_i2c.o(i.I2C_SendData), (4 bytes).
    Removing stm32f10x_i2c.o(i.I2C_SoftwareResetCmd), (20 bytes).
    Removing stm32f10x_i2c.o(i.I2C_StretchClockCmd), (20 bytes).
    Removing stm32f10x_i2c.o(i.I2C_StructInit), (28 bytes).
    Removing stm32f10x_i2c.o(i.I2C_TransmitPEC), (20 bytes).
    Removing stm32f10x_iwdg.o(i.IWDG_Enable), (16 bytes).
    Removing stm32f10x_iwdg.o(i.IWDG_GetFlagStatus), (20 bytes).
    Removing stm32f10x_iwdg.o(i.IWDG_ReloadCounter), (16 bytes).
    Removing stm32f10x_iwdg.o(i.IWDG_SetPrescaler), (12 bytes).
    Removing stm32f10x_iwdg.o(i.IWDG_SetReload), (12 bytes).
    Removing stm32f10x_iwdg.o(i.IWDG_WriteAccessCmd), (12 bytes).
    Removing stm32f10x_pwr.o(i.PWR_BackupAccessCmd), (12 bytes).
    Removing stm32f10x_pwr.o(i.PWR_ClearFlag), (16 bytes).
    Removing stm32f10x_pwr.o(i.PWR_DeInit), (24 bytes).
    Removing stm32f10x_pwr.o(i.PWR_EnterSTANDBYMode), (40 bytes).
    Removing stm32f10x_pwr.o(i.PWR_EnterSTOPMode), (52 bytes).
    Removing stm32f10x_pwr.o(i.PWR_GetFlagStatus), (20 bytes).
    Removing stm32f10x_pwr.o(i.PWR_PVDCmd), (12 bytes).
    Removing stm32f10x_pwr.o(i.PWR_PVDLevelConfig), (20 bytes).
    Removing stm32f10x_pwr.o(i.PWR_WakeUpPinCmd), (12 bytes).
    Removing stm32f10x_rcc.o(i.RCC_ADCCLKConfig), (20 bytes).
    Removing stm32f10x_rcc.o(i.RCC_AHBPeriphClockCmd), (24 bytes).
    Removing stm32f10x_rcc.o(i.RCC_APB1PeriphResetCmd), (24 bytes).
    Removing stm32f10x_rcc.o(i.RCC_APB2PeriphResetCmd), (24 bytes).
    Removing stm32f10x_rcc.o(i.RCC_AdjustHSICalibrationValue), (20 bytes).
    Removing stm32f10x_rcc.o(i.RCC_BackupResetCmd), (12 bytes).
    Removing stm32f10x_rcc.o(i.RCC_ClearFlag), (16 bytes).
    Removing stm32f10x_rcc.o(i.RCC_ClearITPendingBit), (12 bytes).
    Removing stm32f10x_rcc.o(i.RCC_ClockSecuritySystemCmd), (12 bytes).
    Removing stm32f10x_rcc.o(i.RCC_DeInit), (64 bytes).
    Removing stm32f10x_rcc.o(i.RCC_GetFlagStatus), (48 bytes).
    Removing stm32f10x_rcc.o(i.RCC_GetITStatus), (20 bytes).
    Removing stm32f10x_rcc.o(i.RCC_GetSYSCLKSource), (16 bytes).
    Removing stm32f10x_rcc.o(i.RCC_HCLKConfig), (20 bytes).
    Removing stm32f10x_rcc.o(i.RCC_HSEConfig), (52 bytes).
    Removing stm32f10x_rcc.o(i.RCC_HSICmd), (12 bytes).
    Removing stm32f10x_rcc.o(i.RCC_ITConfig), (24 bytes).
    Removing stm32f10x_rcc.o(i.RCC_LSEConfig), (32 bytes).
    Removing stm32f10x_rcc.o(i.RCC_LSICmd), (12 bytes).
    Removing stm32f10x_rcc.o(i.RCC_MCOConfig), (12 bytes).
    Removing stm32f10x_rcc.o(i.RCC_PCLK1Config), (20 bytes).
    Removing stm32f10x_rcc.o(i.RCC_PCLK2Config), (20 bytes).
    Removing stm32f10x_rcc.o(i.RCC_PLLCmd), (12 bytes).
    Removing stm32f10x_rcc.o(i.RCC_PLLConfig), (20 bytes).
    Removing stm32f10x_rcc.o(i.RCC_RTCCLKCmd), (12 bytes).
    Removing stm32f10x_rcc.o(i.RCC_RTCCLKConfig), (16 bytes).
    Removing stm32f10x_rcc.o(i.RCC_SYSCLKConfig), (20 bytes).
    Removing stm32f10x_rcc.o(i.RCC_USBCLKConfig), (12 bytes).
    Removing stm32f10x_rcc.o(i.RCC_WaitForHSEStartUp), (44 bytes).
    Removing stm32f10x_rtc.o(i.RTC_ClearFlag), (16 bytes).
    Removing stm32f10x_rtc.o(i.RTC_ClearITPendingBit), (16 bytes).
    Removing stm32f10x_rtc.o(i.RTC_EnterConfigMode), (16 bytes).
    Removing stm32f10x_rtc.o(i.RTC_ExitConfigMode), (16 bytes).
    Removing stm32f10x_rtc.o(i.RTC_GetCounter), (20 bytes).
    Removing stm32f10x_rtc.o(i.RTC_GetDivider), (24 bytes).
    Removing stm32f10x_rtc.o(i.RTC_GetFlagStatus), (20 bytes).
    Removing stm32f10x_rtc.o(i.RTC_GetITStatus), (32 bytes).
    Removing stm32f10x_rtc.o(i.RTC_ITConfig), (24 bytes).
    Removing stm32f10x_rtc.o(i.RTC_SetAlarm), (32 bytes).
    Removing stm32f10x_rtc.o(i.RTC_SetCounter), (32 bytes).
    Removing stm32f10x_rtc.o(i.RTC_SetPrescaler), (32 bytes).
    Removing stm32f10x_rtc.o(i.RTC_WaitForLastTask), (16 bytes).
    Removing stm32f10x_rtc.o(i.RTC_WaitForSynchro), (24 bytes).
    Removing stm32f10x_sdio.o(i.SDIO_CEATAITCmd), (16 bytes).
    Removing stm32f10x_sdio.o(i.SDIO_ClearFlag), (12 bytes).
    Removing stm32f10x_sdio.o(i.SDIO_ClearITPendingBit), (12 bytes).
    Removing stm32f10x_sdio.o(i.SDIO_ClockCmd), (12 bytes).
    Removing stm32f10x_sdio.o(i.SDIO_CmdStructInit), (14 bytes).
    Removing stm32f10x_sdio.o(i.SDIO_CommandCompletionCmd), (12 bytes).
    Removing stm32f10x_sdio.o(i.SDIO_DMACmd), (12 bytes).
    Removing stm32f10x_sdio.o(i.SDIO_DataConfig), (44 bytes).
    Removing stm32f10x_sdio.o(i.SDIO_DataStructInit), (20 bytes).
    Removing stm32f10x_sdio.o(i.SDIO_DeInit), (36 bytes).
    Removing stm32f10x_sdio.o(i.SDIO_GetCommandResponse), (12 bytes).
    Removing stm32f10x_sdio.o(i.SDIO_GetDataCounter), (12 bytes).
    Removing stm32f10x_sdio.o(i.SDIO_GetFIFOCount), (12 bytes).
    Removing stm32f10x_sdio.o(i.SDIO_GetFlagStatus), (20 bytes).
    Removing stm32f10x_sdio.o(i.SDIO_GetITStatus), (20 bytes).
    Removing stm32f10x_sdio.o(i.SDIO_GetPowerState), (16 bytes).
    Removing stm32f10x_sdio.o(i.SDIO_GetResponse), (16 bytes).
    Removing stm32f10x_sdio.o(i.SDIO_ITConfig), (24 bytes).
    Removing stm32f10x_sdio.o(i.SDIO_Init), (44 bytes).
    Removing stm32f10x_sdio.o(i.SDIO_ReadData), (12 bytes).
    Removing stm32f10x_sdio.o(i.SDIO_SendCEATACmd), (12 bytes).
    Removing stm32f10x_sdio.o(i.SDIO_SendCommand), (40 bytes).
    Removing stm32f10x_sdio.o(i.SDIO_SendSDIOSuspendCmd), (12 bytes).
    Removing stm32f10x_sdio.o(i.SDIO_SetPowerState), (24 bytes).
    Removing stm32f10x_sdio.o(i.SDIO_SetSDIOOperation), (12 bytes).
    Removing stm32f10x_sdio.o(i.SDIO_SetSDIOReadWaitMode), (12 bytes).
    Removing stm32f10x_sdio.o(i.SDIO_StartSDIOReadWait), (12 bytes).
    Removing stm32f10x_sdio.o(i.SDIO_StopSDIOReadWait), (12 bytes).
    Removing stm32f10x_sdio.o(i.SDIO_StructInit), (16 bytes).
    Removing stm32f10x_sdio.o(i.SDIO_WriteData), (12 bytes).
    Removing stm32f10x_spi.o(i.I2S_Cmd), (20 bytes).
    Removing stm32f10x_spi.o(i.I2S_Init), (152 bytes).
    Removing stm32f10x_spi.o(i.I2S_StructInit), (18 bytes).
    Removing stm32f10x_spi.o(i.SPI_BiDirectionalLineConfig), (22 bytes).
    Removing stm32f10x_spi.o(i.SPI_CalculateCRC), (20 bytes).
    Removing stm32f10x_spi.o(i.SPI_Cmd), (20 bytes).
    Removing stm32f10x_spi.o(i.SPI_DataSizeConfig), (16 bytes).
    Removing stm32f10x_spi.o(i.SPI_GetCRC), (12 bytes).
    Removing stm32f10x_spi.o(i.SPI_GetCRCPolynomial), (4 bytes).
    Removing stm32f10x_spi.o(i.SPI_I2S_ClearFlag), (6 bytes).
    Removing stm32f10x_spi.o(i.SPI_I2S_ClearITPendingBit), (14 bytes).
    Removing stm32f10x_spi.o(i.SPI_I2S_DMACmd), (16 bytes).
    Removing stm32f10x_spi.o(i.SPI_I2S_DeInit), (84 bytes).
    Removing stm32f10x_spi.o(i.SPI_I2S_GetFlagStatus), (14 bytes).
    Removing stm32f10x_spi.o(i.SPI_I2S_GetITStatus), (42 bytes).
    Removing stm32f10x_spi.o(i.SPI_I2S_ITConfig), (24 bytes).
    Removing stm32f10x_spi.o(i.SPI_I2S_ReceiveData), (4 bytes).
    Removing stm32f10x_spi.o(i.SPI_I2S_SendData), (4 bytes).
    Removing stm32f10x_spi.o(i.SPI_Init), (56 bytes).
    Removing stm32f10x_spi.o(i.SPI_NSSInternalSoftwareConfig), (24 bytes).
    Removing stm32f10x_spi.o(i.SPI_SSOutputCmd), (20 bytes).
    Removing stm32f10x_spi.o(i.SPI_StructInit), (24 bytes).
    Removing stm32f10x_spi.o(i.SPI_TransmitCRC), (10 bytes).
    Removing stm32f10x_tim.o(i.TI1_Config), (108 bytes).
    Removing stm32f10x_tim.o(i.TI2_Config), (124 bytes).
    Removing stm32f10x_tim.o(i.TIM_ARRPreloadConfig), (20 bytes).
    Removing stm32f10x_tim.o(i.TIM_BDTRConfig), (34 bytes).
    Removing stm32f10x_tim.o(i.TIM_BDTRStructInit), (18 bytes).
    Removing stm32f10x_tim.o(i.TIM_CCPreloadControl), (20 bytes).
    Removing stm32f10x_tim.o(i.TIM_CCxCmd), (22 bytes).
    Removing stm32f10x_tim.o(i.TIM_CCxNCmd), (22 bytes).
    Removing stm32f10x_tim.o(i.TIM_ClearFlag), (6 bytes).
    Removing stm32f10x_tim.o(i.TIM_ClearOC1Ref), (12 bytes).
    Removing stm32f10x_tim.o(i.TIM_ClearOC2Ref), (20 bytes).
    Removing stm32f10x_tim.o(i.TIM_ClearOC3Ref), (12 bytes).
    Removing stm32f10x_tim.o(i.TIM_ClearOC4Ref), (20 bytes).
    Removing stm32f10x_tim.o(i.TIM_CounterModeConfig), (12 bytes).
    Removing stm32f10x_tim.o(i.TIM_CtrlPWMOutputs), (22 bytes).
    Removing stm32f10x_tim.o(i.TIM_DMACmd), (16 bytes).
    Removing stm32f10x_tim.o(i.TIM_DMAConfig), (8 bytes).
    Removing stm32f10x_tim.o(i.TIM_DeInit), (368 bytes).
    Removing stm32f10x_tim.o(i.TIM_ETRClockMode1Config), (18 bytes).
    Removing stm32f10x_tim.o(i.TIM_ETRClockMode2Config), (18 bytes).
    Removing stm32f10x_tim.o(i.TIM_ETRConfig), (24 bytes).
    Removing stm32f10x_tim.o(i.TIM_EncoderInterfaceConfig), (50 bytes).
    Removing stm32f10x_tim.o(i.TIM_ForcedOC1Config), (12 bytes).
    Removing stm32f10x_tim.o(i.TIM_ForcedOC2Config), (20 bytes).
    Removing stm32f10x_tim.o(i.TIM_ForcedOC3Config), (12 bytes).
    Removing stm32f10x_tim.o(i.TIM_ForcedOC4Config), (20 bytes).
    Removing stm32f10x_tim.o(i.TIM_GenerateEvent), (4 bytes).
    Removing stm32f10x_tim.o(i.TIM_GetCapture1), (4 bytes).
    Removing stm32f10x_tim.o(i.TIM_GetCapture2), (4 bytes).
    Removing stm32f10x_tim.o(i.TIM_GetCapture3), (4 bytes).
    Removing stm32f10x_tim.o(i.TIM_GetCapture4), (6 bytes).
    Removing stm32f10x_tim.o(i.TIM_GetCounter), (4 bytes).
    Removing stm32f10x_tim.o(i.TIM_GetFlagStatus), (14 bytes).
    Removing stm32f10x_tim.o(i.TIM_GetPrescaler), (4 bytes).
    Removing stm32f10x_tim.o(i.TIM_ICInit), (300 bytes).
    Removing stm32f10x_tim.o(i.TIM_ICStructInit), (16 bytes).
    Removing stm32f10x_tim.o(i.TIM_ITRxExternalClockConfig), (18 bytes).
    Removing stm32f10x_tim.o(i.TIM_InternalClockConfig), (10 bytes).
    Removing stm32f10x_tim.o(i.TIM_OC1FastConfig), (12 bytes).
    Removing stm32f10x_tim.o(i.TIM_OC1Init), (128 bytes).
    Removing stm32f10x_tim.o(i.TIM_OC1NPolarityConfig), (12 bytes).
    Removing stm32f10x_tim.o(i.TIM_OC1PolarityConfig), (12 bytes).
    Removing stm32f10x_tim.o(i.TIM_OC1PreloadConfig), (12 bytes).
    Removing stm32f10x_tim.o(i.TIM_OC2FastConfig), (20 bytes).
    Removing stm32f10x_tim.o(i.TIM_OC2Init), (128 bytes).
    Removing stm32f10x_tim.o(i.TIM_OC2NPolarityConfig), (20 bytes).
    Removing stm32f10x_tim.o(i.TIM_OC2PolarityConfig), (20 bytes).
    Removing stm32f10x_tim.o(i.TIM_OC2PreloadConfig), (20 bytes).
    Removing stm32f10x_tim.o(i.TIM_OC3FastConfig), (12 bytes).
    Removing stm32f10x_tim.o(i.TIM_OC3Init), (124 bytes).
    Removing stm32f10x_tim.o(i.TIM_OC3NPolarityConfig), (20 bytes).
    Removing stm32f10x_tim.o(i.TIM_OC3PolarityConfig), (20 bytes).
    Removing stm32f10x_tim.o(i.TIM_OC3PreloadConfig), (12 bytes).
    Removing stm32f10x_tim.o(i.TIM_OC4FastConfig), (20 bytes).
    Removing stm32f10x_tim.o(i.TIM_OC4Init), (100 bytes).
    Removing stm32f10x_tim.o(i.TIM_OC4PolarityConfig), (20 bytes).
    Removing stm32f10x_tim.o(i.TIM_OC4PreloadConfig), (20 bytes).
    Removing stm32f10x_tim.o(i.TIM_OCStructInit), (20 bytes).
    Removing stm32f10x_tim.o(i.TIM_PWMIConfig), (108 bytes).
    Removing stm32f10x_tim.o(i.TIM_PrescalerConfig), (6 bytes).
    Removing stm32f10x_tim.o(i.TIM_SelectCCDMA), (20 bytes).
    Removing stm32f10x_tim.o(i.TIM_SelectCOM), (20 bytes).
    Removing stm32f10x_tim.o(i.TIM_SelectHallSensor), (20 bytes).
    Removing stm32f10x_tim.o(i.TIM_SelectInputTrigger), (12 bytes).
    Removing stm32f10x_tim.o(i.TIM_SelectMasterSlaveMode), (16 bytes).
    Removing stm32f10x_tim.o(i.TIM_SelectOCxM), (70 bytes).
    Removing stm32f10x_tim.o(i.TIM_SelectOnePulseMode), (16 bytes).
    Removing stm32f10x_tim.o(i.TIM_SelectOutputTrigger), (16 bytes).
    Removing stm32f10x_tim.o(i.TIM_SelectSlaveMode), (16 bytes).
    Removing stm32f10x_tim.o(i.TIM_SetAutoreload), (4 bytes).
    Removing stm32f10x_tim.o(i.TIM_SetClockDivision), (16 bytes).
    Removing stm32f10x_tim.o(i.TIM_SetCompare1), (4 bytes).
    Removing stm32f10x_tim.o(i.TIM_SetCompare2), (4 bytes).
    Removing stm32f10x_tim.o(i.TIM_SetCompare3), (4 bytes).
    Removing stm32f10x_tim.o(i.TIM_SetCompare4), (6 bytes).
    Removing stm32f10x_tim.o(i.TIM_SetCounter), (4 bytes).
    Removing stm32f10x_tim.o(i.TIM_SetIC1Prescaler), (16 bytes).
    Removing stm32f10x_tim.o(i.TIM_SetIC2Prescaler), (24 bytes).
    Removing stm32f10x_tim.o(i.TIM_SetIC3Prescaler), (16 bytes).
    Removing stm32f10x_tim.o(i.TIM_SetIC4Prescaler), (24 bytes).
    Removing stm32f10x_tim.o(i.TIM_TIxExternalClockConfig), (46 bytes).
    Removing stm32f10x_tim.o(i.TIM_TimeBaseStructInit), (18 bytes).
    Removing stm32f10x_tim.o(i.TIM_UpdateDisableConfig), (20 bytes).
    Removing stm32f10x_tim.o(i.TIM_UpdateRequestConfig), (20 bytes).
    Removing stm32f10x_usart.o(i.USART_ClearFlag), (6 bytes).
    Removing stm32f10x_usart.o(i.USART_ClearITPendingBit), (12 bytes).
    Removing stm32f10x_usart.o(i.USART_ClockInit), (30 bytes).
    Removing stm32f10x_usart.o(i.USART_ClockStructInit), (12 bytes).
    Removing stm32f10x_usart.o(i.USART_DMACmd), (16 bytes).
    Removing stm32f10x_usart.o(i.USART_DeInit), (116 bytes).
    Removing stm32f10x_usart.o(i.USART_HalfDuplexCmd), (20 bytes).
    Removing stm32f10x_usart.o(i.USART_IrDACmd), (20 bytes).
    Removing stm32f10x_usart.o(i.USART_IrDAConfig), (16 bytes).
    Removing stm32f10x_usart.o(i.USART_LINBreakDetectLengthConfig), (16 bytes).
    Removing stm32f10x_usart.o(i.USART_LINCmd), (20 bytes).
    Removing stm32f10x_usart.o(i.USART_OneBitMethodCmd), (20 bytes).
    Removing stm32f10x_usart.o(i.USART_OverSampling8Cmd), (20 bytes).
    Removing stm32f10x_usart.o(i.USART_ReceiverWakeUpCmd), (20 bytes).
    Removing stm32f10x_usart.o(i.USART_SendBreak), (10 bytes).
    Removing stm32f10x_usart.o(i.USART_SetAddress), (16 bytes).
    Removing stm32f10x_usart.o(i.USART_SetGuardTime), (16 bytes).
    Removing stm32f10x_usart.o(i.USART_SetPrescaler), (16 bytes).
    Removing stm32f10x_usart.o(i.USART_SmartCardCmd), (20 bytes).
    Removing stm32f10x_usart.o(i.USART_SmartCardNACKCmd), (20 bytes).
    Removing stm32f10x_usart.o(i.USART_StructInit), (22 bytes).
    Removing stm32f10x_usart.o(i.USART_WakeUpConfig), (16 bytes).
    Removing stm32f10x_wwdg.o(i.WWDG_ClearFlag), (12 bytes).
    Removing stm32f10x_wwdg.o(i.WWDG_DeInit), (24 bytes).
    Removing stm32f10x_wwdg.o(i.WWDG_Enable), (16 bytes).
    Removing stm32f10x_wwdg.o(i.WWDG_EnableIT), (16 bytes).
    Removing stm32f10x_wwdg.o(i.WWDG_GetFlagStatus), (12 bytes).
    Removing stm32f10x_wwdg.o(i.WWDG_SetCounter), (16 bytes).
    Removing stm32f10x_wwdg.o(i.WWDG_SetPrescaler), (20 bytes).
    Removing stm32f10x_wwdg.o(i.WWDG_SetWindowValue), (28 bytes).
    Removing multitimer.o(i.MultiTimerStart_), (104 bytes).
    Removing multitimer.o(i.MultiTimerStop), (32 bytes).
    Removing dfixul.o(.text), (48 bytes).
    Removing cdrcmple.o(.text), (48 bytes).

466 unused section(s) (total 14942 bytes) removed from the image.

==============================================================================

Image Symbol Table

    Local Symbols

    Symbol Name                              Value     Ov Type        Size  Object(Section)

    ../clib/microlib/division.c              0x00000000   Number         0  uidiv.o ABSOLUTE
    ../clib/microlib/division.c              0x00000000   Number         0  uldiv.o ABSOLUTE
    ../clib/microlib/division.c              0x00000000   Number         0  ldiv.o ABSOLUTE
    ../clib/microlib/init/entry.s            0x00000000   Number         0  entry7a.o ABSOLUTE
    ../clib/microlib/init/entry.s            0x00000000   Number         0  entry7b.o ABSOLUTE
    ../clib/microlib/init/entry.s            0x00000000   Number         0  entry8a.o ABSOLUTE
    ../clib/microlib/init/entry.s            0x00000000   Number         0  entry9b.o ABSOLUTE
    ../clib/microlib/init/entry.s            0x00000000   Number         0  entry2.o ABSOLUTE
    ../clib/microlib/init/entry.s            0x00000000   Number         0  entry.o ABSOLUTE
    ../clib/microlib/init/entry.s            0x00000000   Number         0  entry5.o ABSOLUTE
    ../clib/microlib/init/entry.s            0x00000000   Number         0  entry11b.o ABSOLUTE
    ../clib/microlib/init/entry.s            0x00000000   Number         0  entry11a.o ABSOLUTE
    ../clib/microlib/init/entry.s            0x00000000   Number         0  entry10b.o ABSOLUTE
    ../clib/microlib/init/entry.s            0x00000000   Number         0  entry8b.o ABSOLUTE
    ../clib/microlib/init/entry.s            0x00000000   Number         0  entry10a.o ABSOLUTE
    ../clib/microlib/init/entry.s            0x00000000   Number         0  entry9a.o ABSOLUTE
    ../clib/microlib/longlong.c              0x00000000   Number         0  llsshr.o ABSOLUTE
    ../clib/microlib/longlong.c              0x00000000   Number         0  llushr.o ABSOLUTE
    ../clib/microlib/longlong.c              0x00000000   Number         0  llshl.o ABSOLUTE
    ../clib/microlib/printf/printf.c         0x00000000   Number         0  printfb.o ABSOLUTE
    ../clib/microlib/printf/printf.c         0x00000000   Number         0  printf0.o ABSOLUTE
    ../clib/microlib/printf/printf.c         0x00000000   Number         0  printf6.o ABSOLUTE
    ../clib/microlib/printf/printf.c         0x00000000   Number         0  printf5.o ABSOLUTE
    ../clib/microlib/printf/printf.c         0x00000000   Number         0  printf4.o ABSOLUTE
    ../clib/microlib/printf/printf.c         0x00000000   Number         0  printf3.o ABSOLUTE
    ../clib/microlib/printf/printf.c         0x00000000   Number         0  printf2.o ABSOLUTE
    ../clib/microlib/printf/printf.c         0x00000000   Number         0  printf7.o ABSOLUTE
    ../clib/microlib/printf/printf.c         0x00000000   Number         0  printf1.o ABSOLUTE
    ../clib/microlib/printf/printf.c         0x00000000   Number         0  printfa.o ABSOLUTE
    ../clib/microlib/printf/printf.c         0x00000000   Number         0  printf8.o ABSOLUTE
    ../clib/microlib/printf/stubs.s          0x00000000   Number         0  stubs.o ABSOLUTE
    ../clib/microlib/stubs.s                 0x00000000   Number         0  useno.o ABSOLUTE
    ../clib/microlib/stubs.s                 0x00000000   Number         0  iusefp.o ABSOLUTE
    ../fplib/microlib/d2f.c                  0x00000000   Number         0  d2f.o ABSOLUTE
    ../fplib/microlib/f2d.c                  0x00000000   Number         0  f2d.o ABSOLUTE
    ../fplib/microlib/fpadd.c                0x00000000   Number         0  dadd.o ABSOLUTE
    ../fplib/microlib/fpadd.c                0x00000000   Number         0  fadd.o ABSOLUTE
    ../fplib/microlib/fpdiv.c                0x00000000   Number         0  ddiv.o ABSOLUTE
    ../fplib/microlib/fpdiv.c                0x00000000   Number         0  fdiv.o ABSOLUTE
    ../fplib/microlib/fpepilogue.c           0x00000000   Number         0  depilogue.o ABSOLUTE
    ../fplib/microlib/fpepilogue.c           0x00000000   Number         0  fepilogue.o ABSOLUTE
    ../fplib/microlib/fpfix.c                0x00000000   Number         0  ffixui.o ABSOLUTE
    ../fplib/microlib/fpfix.c                0x00000000   Number         0  dfixul.o ABSOLUTE
    ../fplib/microlib/fpflt.c                0x00000000   Number         0  dfltui.o ABSOLUTE
    ../fplib/microlib/fpflt.c                0x00000000   Number         0  ffltui.o ABSOLUTE
    ../fplib/microlib/fpflt.c                0x00000000   Number         0  fflti.o ABSOLUTE
    ../fplib/microlib/fpmul.c                0x00000000   Number         0  dmul.o ABSOLUTE
    ../fplib/microlib/fpmul.c                0x00000000   Number         0  fmul.o ABSOLUTE
    ../fplib/microlib/fpscalb.c              0x00000000   Number         0  dscalb.o ABSOLUTE
    ..\Components\MultiTimer\MultiTimer.c    0x00000000   Number         0  multitimer.o ABSOLUTE
    ..\Core\core_cm3.c                       0x00000000   Number         0  core_cm3.o ABSOLUTE
    ..\Core\startup_stm32f10x_ld.s           0x00000000   Number         0  startup_stm32f10x_ld.o ABSOLUTE
    ..\Hardware\src\MS5837.c                 0x00000000   Number         0  ms5837.o ABSOLUTE
    ..\Hardware\src\SHT20.c                  0x00000000   Number         0  sht20.o ABSOLUTE
    ..\Hardware\src\delay.c                  0x00000000   Number         0  delay.o ABSOLUTE
    ..\Hardware\src\led.c                    0x00000000   Number         0  led.o ABSOLUTE
    ..\Hardware\src\myiic.c                  0x00000000   Number         0  myiic.o ABSOLUTE
    ..\Hardware\src\sht20_iic.c              0x00000000   Number         0  sht20_iic.o ABSOLUTE
    ..\Hardware\src\sonar.c                  0x00000000   Number         0  sonar.o ABSOLUTE
    ..\Hardware\src\sys.c                    0x00000000   Number         0  sys.o ABSOLUTE
    ..\Hardware\src\usart.c                  0x00000000   Number         0  usart.o ABSOLUTE
    ..\Main\main.c                           0x00000000   Number         0  main.o ABSOLUTE
    ..\Main\stm32f10x_it.c                   0x00000000   Number         0  stm32f10x_it.o ABSOLUTE
    ..\Main\system_stm32f10x.c               0x00000000   Number         0  system_stm32f10x.o ABSOLUTE
    ..\STM32F10x_FWLib\src\misc.c            0x00000000   Number         0  misc.o ABSOLUTE
    ..\STM32F10x_FWLib\src\stm32f10x_adc.c   0x00000000   Number         0  stm32f10x_adc.o ABSOLUTE
    ..\STM32F10x_FWLib\src\stm32f10x_bkp.c   0x00000000   Number         0  stm32f10x_bkp.o ABSOLUTE
    ..\STM32F10x_FWLib\src\stm32f10x_can.c   0x00000000   Number         0  stm32f10x_can.o ABSOLUTE
    ..\STM32F10x_FWLib\src\stm32f10x_cec.c   0x00000000   Number         0  stm32f10x_cec.o ABSOLUTE
    ..\STM32F10x_FWLib\src\stm32f10x_crc.c   0x00000000   Number         0  stm32f10x_crc.o ABSOLUTE
    ..\STM32F10x_FWLib\src\stm32f10x_dac.c   0x00000000   Number         0  stm32f10x_dac.o ABSOLUTE
    ..\STM32F10x_FWLib\src\stm32f10x_dbgmcu.c 0x00000000   Number         0  stm32f10x_dbgmcu.o ABSOLUTE
    ..\STM32F10x_FWLib\src\stm32f10x_dma.c   0x00000000   Number         0  stm32f10x_dma.o ABSOLUTE
    ..\STM32F10x_FWLib\src\stm32f10x_exti.c  0x00000000   Number         0  stm32f10x_exti.o ABSOLUTE
    ..\STM32F10x_FWLib\src\stm32f10x_flash.c 0x00000000   Number         0  stm32f10x_flash.o ABSOLUTE
    ..\STM32F10x_FWLib\src\stm32f10x_fsmc.c  0x00000000   Number         0  stm32f10x_fsmc.o ABSOLUTE
    ..\STM32F10x_FWLib\src\stm32f10x_gpio.c  0x00000000   Number         0  stm32f10x_gpio.o ABSOLUTE
    ..\STM32F10x_FWLib\src\stm32f10x_i2c.c   0x00000000   Number         0  stm32f10x_i2c.o ABSOLUTE
    ..\STM32F10x_FWLib\src\stm32f10x_iwdg.c  0x00000000   Number         0  stm32f10x_iwdg.o ABSOLUTE
    ..\STM32F10x_FWLib\src\stm32f10x_pwr.c   0x00000000   Number         0  stm32f10x_pwr.o ABSOLUTE
    ..\STM32F10x_FWLib\src\stm32f10x_rcc.c   0x00000000   Number         0  stm32f10x_rcc.o ABSOLUTE
    ..\STM32F10x_FWLib\src\stm32f10x_rtc.c   0x00000000   Number         0  stm32f10x_rtc.o ABSOLUTE
    ..\STM32F10x_FWLib\src\stm32f10x_sdio.c  0x00000000   Number         0  stm32f10x_sdio.o ABSOLUTE
    ..\STM32F10x_FWLib\src\stm32f10x_spi.c   0x00000000   Number         0  stm32f10x_spi.o ABSOLUTE
    ..\STM32F10x_FWLib\src\stm32f10x_tim.c   0x00000000   Number         0  stm32f10x_tim.o ABSOLUTE
    ..\STM32F10x_FWLib\src\stm32f10x_usart.c 0x00000000   Number         0  stm32f10x_usart.o ABSOLUTE
    ..\STM32F10x_FWLib\src\stm32f10x_wwdg.c  0x00000000   Number         0  stm32f10x_wwdg.o ABSOLUTE
    ..\\Core\\core_cm3.c                     0x00000000   Number         0  core_cm3.o ABSOLUTE
    ..\\Hardware\\src\\sys.c                 0x00000000   Number         0  sys.o ABSOLUTE
    cdrcmple.s                               0x00000000   Number         0  cdrcmple.o ABSOLUTE
    dc.s                                     0x00000000   Number         0  dc.o ABSOLUTE
    handlers.s                               0x00000000   Number         0  handlers.o ABSOLUTE
    init.s                                   0x00000000   Number         0  init.o ABSOLUTE
    RESET                                    0x08000000   Section      236  startup_stm32f10x_ld.o(RESET)
    .ARM.Collect$$$$00000000                 0x080000ec   Section        0  entry.o(.ARM.Collect$$$$00000000)
    .ARM.Collect$$$$00000001                 0x080000ec   Section        4  entry2.o(.ARM.Collect$$$$00000001)
    .ARM.Collect$$$$00000004                 0x080000f0   Section        4  entry5.o(.ARM.Collect$$$$00000004)
    .ARM.Collect$$$$00000008                 0x080000f4   Section        0  entry7b.o(.ARM.Collect$$$$00000008)
    .ARM.Collect$$$$0000000A                 0x080000f4   Section        0  entry8b.o(.ARM.Collect$$$$0000000A)
    .ARM.Collect$$$$0000000B                 0x080000f4   Section        8  entry9a.o(.ARM.Collect$$$$0000000B)
    .ARM.Collect$$$$0000000D                 0x080000fc   Section        0  entry10a.o(.ARM.Collect$$$$0000000D)
    .ARM.Collect$$$$0000000F                 0x080000fc   Section        0  entry11a.o(.ARM.Collect$$$$0000000F)
    .ARM.Collect$$$$00002712                 0x080000fc   Section        4  entry2.o(.ARM.Collect$$$$00002712)
    __lit__00000000                          0x080000fc   Data           4  entry2.o(.ARM.Collect$$$$00002712)
    .text                                    0x08000100   Section       36  startup_stm32f10x_ld.o(.text)
    .text                                    0x08000124   Section        0  ldiv.o(.text)
    .text                                    0x08000186   Section        0  fadd.o(.text)
    .text                                    0x08000236   Section        0  fmul.o(.text)
    .text                                    0x0800029a   Section        0  fdiv.o(.text)
    .text                                    0x08000316   Section        0  dadd.o(.text)
    .text                                    0x08000464   Section        0  dmul.o(.text)
    .text                                    0x08000548   Section        0  ddiv.o(.text)
    .text                                    0x08000626   Section        0  dscalb.o(.text)
    .text                                    0x08000654   Section        0  fflti.o(.text)
    .text                                    0x08000666   Section        0  ffltui.o(.text)
    .text                                    0x08000670   Section        0  dfltui.o(.text)
    .text                                    0x0800068a   Section        0  ffixui.o(.text)
    .text                                    0x080006b2   Section        0  f2d.o(.text)
    .text                                    0x080006d8   Section        0  d2f.o(.text)
    .text                                    0x08000710   Section        0  uidiv.o(.text)
    .text                                    0x0800073c   Section        0  uldiv.o(.text)
    .text                                    0x0800079e   Section        0  llshl.o(.text)
    .text                                    0x080007bc   Section        0  llsshr.o(.text)
    .text                                    0x080007e0   Section        0  iusefp.o(.text)
    .text                                    0x080007e0   Section        0  fepilogue.o(.text)
    .text                                    0x0800084e   Section        0  depilogue.o(.text)
    .text                                    0x08000908   Section       36  init.o(.text)
    .text                                    0x0800092c   Section        0  llushr.o(.text)
    i.BusFault_Handler                       0x0800094c   Section        0  stm32f10x_it.o(i.BusFault_Handler)
    i.DebugMon_Handler                       0x0800094e   Section        0  stm32f10x_it.o(i.DebugMon_Handler)
    i.GPIO_Init                              0x08000950   Section        0  stm32f10x_gpio.o(i.GPIO_Init)
    i.GPIO_SetBits                           0x080009f2   Section        0  stm32f10x_gpio.o(i.GPIO_SetBits)
    i.HardFault_Handler                      0x080009f6   Section        0  stm32f10x_it.o(i.HardFault_Handler)
    i.IIC_Ack                                0x080009f8   Section        0  myiic.o(i.IIC_Ack)
    i.IIC_Init                               0x08000a38   Section        0  myiic.o(i.IIC_Init)
    i.IIC_NAck                               0x08000a6c   Section        0  myiic.o(i.IIC_NAck)
    i.IIC_Read_Byte                          0x08000aac   Section        0  myiic.o(i.IIC_Read_Byte)
    i.IIC_Send_Byte                          0x08000b18   Section        0  myiic.o(i.IIC_Send_Byte)
    i.IIC_Start                              0x08000b78   Section        0  myiic.o(i.IIC_Start)
    i.IIC_Stop                               0x08000bb8   Section        0  myiic.o(i.IIC_Stop)
    i.IIC_Wait_Ack                           0x08000bfc   Section        0  myiic.o(i.IIC_Wait_Ack)
    i.LED_Init                               0x08000c54   Section        0  led.o(i.LED_Init)
    i.MS5837_Calculate                       0x08000cac   Section        0  ms5837.o(i.MS5837_Calculate)
    MS5837_Calculate                         0x08000cad   Thumb Code   734  ms5837.o(i.MS5837_Calculate)
    i.MS5837_Check                           0x08000f98   Section        0  ms5837.o(i.MS5837_Check)
    MS5837_Check                             0x08000f99   Thumb Code   256  ms5837.o(i.MS5837_Check)
    i.MS5837_GetDataTask_cb                  0x0800109c   Section        0  ms5837.o(i.MS5837_GetDataTask_cb)
    i.MS5837_Init                            0x08001100   Section        0  ms5837.o(i.MS5837_Init)
    i.MS5837_Read4Byte                       0x08001188   Section        0  ms5837.o(i.MS5837_Read4Byte)
    MS5837_Read4Byte                         0x08001189   Thumb Code   102  ms5837.o(i.MS5837_Read4Byte)
    i.MS5837_ReadDepth                       0x080011f0   Section        0  ms5837.o(i.MS5837_ReadDepth)
    i.MS5837_ReadDepth_filtered              0x08001244   Section        0  ms5837.o(i.MS5837_ReadDepth_filtered)
    i.MS5837_SetRefPressure                  0x08001294   Section        0  ms5837.o(i.MS5837_SetRefPressure)
    i.MS5837_WriteByte                       0x080012a4   Section        0  ms5837.o(i.MS5837_WriteByte)
    MS5837_WriteByte                         0x080012a5   Thumb Code    36  ms5837.o(i.MS5837_WriteByte)
    i.MS5837_getData                         0x080012c8   Section        0  ms5837.o(i.MS5837_getData)
    i.MemManage_Handler                      0x080012d8   Section        0  stm32f10x_it.o(i.MemManage_Handler)
    i.MultiTimerInstall                      0x080012dc   Section        0  multitimer.o(i.MultiTimerInstall)
    i.MultiTimerRestart                      0x080012e8   Section        0  multitimer.o(i.MultiTimerRestart)
    i.MultiTimerStart                        0x08001350   Section        0  multitimer.o(i.MultiTimerStart)
    i.MultiTimerYield                        0x080013bc   Section        0  multitimer.o(i.MultiTimerYield)
    i.NMI_Handler                            0x080013f8   Section        0  stm32f10x_it.o(i.NMI_Handler)
    i.NVIC_Init                              0x080013fc   Section        0  misc.o(i.NVIC_Init)
    i.NVIC_PriorityGroupConfig               0x08001460   Section        0  misc.o(i.NVIC_PriorityGroupConfig)
    i.PendSV_Handler                         0x08001474   Section        0  stm32f10x_it.o(i.PendSV_Handler)
    i.RCC_APB1PeriphClockCmd                 0x08001478   Section        0  stm32f10x_rcc.o(i.RCC_APB1PeriphClockCmd)
    i.RCC_APB2PeriphClockCmd                 0x08001490   Section        0  stm32f10x_rcc.o(i.RCC_APB2PeriphClockCmd)
    i.RCC_GetClocksFreq                      0x080014a8   Section        0  stm32f10x_rcc.o(i.RCC_GetClocksFreq)
    i.SHT20_GetDataTask_cb                   0x08001538   Section        0  sht20.o(i.SHT20_GetDataTask_cb)
    i.SHT20_IIC_Ack                          0x080015f8   Section        0  sht20_iic.o(i.SHT20_IIC_Ack)
    i.SHT20_IIC_Init                         0x08001638   Section        0  sht20_iic.o(i.SHT20_IIC_Init)
    i.SHT20_IIC_NAck                         0x08001670   Section        0  sht20_iic.o(i.SHT20_IIC_NAck)
    i.SHT20_IIC_Read_Byte                    0x080016b0   Section        0  sht20_iic.o(i.SHT20_IIC_Read_Byte)
    i.SHT20_IIC_Send_Byte                    0x0800171c   Section        0  sht20_iic.o(i.SHT20_IIC_Send_Byte)
    i.SHT20_IIC_Start                        0x0800177c   Section        0  sht20_iic.o(i.SHT20_IIC_Start)
    i.SHT20_IIC_Stop                         0x080017bc   Section        0  sht20_iic.o(i.SHT20_IIC_Stop)
    i.SHT20_IIC_Wait_Ack                     0x08001800   Section        0  sht20_iic.o(i.SHT20_IIC_Wait_Ack)
    i.SHT20_Init                             0x08001858   Section        0  sht20.o(i.SHT20_Init)
    i.SHT20_ReadUserReg                      0x080018fc   Section        0  sht20_iic.o(i.SHT20_ReadUserReg)
    i.SHT20_RecvRawData                      0x08001934   Section        0  sht20.o(i.SHT20_RecvRawData)
    SHT20_RecvRawData                        0x08001935   Thumb Code    52  sht20.o(i.SHT20_RecvRawData)
    i.SHT20_SendCommand                      0x08001968   Section        0  sht20.o(i.SHT20_SendCommand)
    SHT20_SendCommand                        0x08001969   Thumb Code    36  sht20.o(i.SHT20_SendCommand)
    i.SHT20_SetResolution                    0x0800198c   Section        0  sht20_iic.o(i.SHT20_SetResolution)
    i.SHT20_SoftReset                        0x080019ce   Section        0  sht20_iic.o(i.SHT20_SoftReset)
    i.SHT20_getData                          0x080019f8   Section        0  sht20.o(i.SHT20_getData)
    i.SVC_Handler                            0x08001a08   Section        0  stm32f10x_it.o(i.SVC_Handler)
    i.SetSysClockTo72                        0x08001a0c   Section        0  system_stm32f10x.o(i.SetSysClockTo72)
    SetSysClockTo72                          0x08001a0d   Thumb Code   160  system_stm32f10x.o(i.SetSysClockTo72)
    i.SysTick_CLKSourceConfig                0x08001ab4   Section        0  misc.o(i.SysTick_CLKSourceConfig)
    i.SysTick_Handler                        0x08001acc   Section        0  stm32f10x_it.o(i.SysTick_Handler)
    i.SystemInit                             0x08001ad0   Section        0  system_stm32f10x.o(i.SystemInit)
    i.TIM2_IRQHandler                        0x08001b20   Section        0  main.o(i.TIM2_IRQHandler)
    i.TIM2_Int_Init                          0x08001b50   Section        0  main.o(i.TIM2_Int_Init)
    i.TIM2_SoftTimerTick                     0x08001bac   Section        0  main.o(i.TIM2_SoftTimerTick)
    i.TIM3_IRQHandler                        0x08001bb8   Section        0  main.o(i.TIM3_IRQHandler)
    i.TIM3_Int_Init                          0x08001be0   Section        0  main.o(i.TIM3_Int_Init)
    i.TIM_ClearITPendingBit                  0x08001c40   Section        0  stm32f10x_tim.o(i.TIM_ClearITPendingBit)
    i.TIM_Cmd                                0x08001c46   Section        0  stm32f10x_tim.o(i.TIM_Cmd)
    i.TIM_GetITStatus                        0x08001c5a   Section        0  stm32f10x_tim.o(i.TIM_GetITStatus)
    i.TIM_ITConfig                           0x08001c72   Section        0  stm32f10x_tim.o(i.TIM_ITConfig)
    i.TIM_TimeBaseInit                       0x08001c84   Section        0  stm32f10x_tim.o(i.TIM_TimeBaseInit)
    i.UART_Report                            0x08001d20   Section        0  main.o(i.UART_Report)
    UART_Report                              0x08001d21   Thumb Code   124  main.o(i.UART_Report)
    i.UART_Trans                             0x08001d9c   Section        0  main.o(i.UART_Trans)
    UART_Trans                               0x08001d9d   Thumb Code    26  main.o(i.UART_Trans)
    i.USART1_IRQHandler                      0x08001dbc   Section        0  usart.o(i.USART1_IRQHandler)
    i.USART2_IRQHandler                      0x08001e20   Section        0  usart.o(i.USART2_IRQHandler)
    i.USART_Cmd                              0x08001e22   Section        0  stm32f10x_usart.o(i.USART_Cmd)
    i.USART_GetFlagStatus                    0x08001e36   Section        0  stm32f10x_usart.o(i.USART_GetFlagStatus)
    i.USART_GetITStatus                      0x08001e44   Section        0  stm32f10x_usart.o(i.USART_GetITStatus)
    i.USART_ITConfig                         0x08001e82   Section        0  stm32f10x_usart.o(i.USART_ITConfig)
    i.USART_Init                             0x08001eb4   Section        0  stm32f10x_usart.o(i.USART_Init)
    i.USART_ReceiveData                      0x08001f60   Section        0  stm32f10x_usart.o(i.USART_ReceiveData)
    i.USART_SendData                         0x08001f68   Section        0  stm32f10x_usart.o(i.USART_SendData)
    i.UsageFault_Handler                     0x08001f70   Section        0  stm32f10x_it.o(i.UsageFault_Handler)
    i.__0printf$1                            0x08001f74   Section        0  printf1.o(i.__0printf$1)
    i.__scatterload_copy                     0x08001f94   Section       14  handlers.o(i.__scatterload_copy)
    i.__scatterload_null                     0x08001fa2   Section        2  handlers.o(i.__scatterload_null)
    i.__scatterload_zeroinit                 0x08001fa4   Section       14  handlers.o(i.__scatterload_zeroinit)
    i._printf_core                           0x08001fb4   Section        0  printf1.o(i._printf_core)
    _printf_core                             0x08001fb5   Thumb Code   336  printf1.o(i._printf_core)
    i.delay_init                             0x08002108   Section        0  delay.o(i.delay_init)
    i.delay_ms                               0x08002144   Section        0  delay.o(i.delay_ms)
    i.delay_us                               0x08002178   Section        0  delay.o(i.delay_us)
    i.fputc                                  0x080021ac   Section        0  usart.o(i.fputc)
    i.led_timer_cb                           0x080021c4   Section        0  main.o(i.led_timer_cb)
    led_timer_cb                             0x080021c5   Thumb Code    28  main.o(i.led_timer_cb)
    i.main                                   0x080021e4   Section        0  main.o(i.main)
    i.uart_init                              0x080023d4   Section        0  usart.o(i.uart_init)
    i.uart_sensor_init                       0x08002474   Section        0  usart.o(i.uart_sensor_init)
    .data                                    0x20000000   Section       16  main.o(.data)
    .data                                    0x20000010   Section       20  system_stm32f10x.o(.data)
    .data                                    0x20000024   Section       12  ms5837.o(.data)
    ms5837_data                              0x20000028   Data           8  ms5837.o(.data)
    .data                                    0x20000030   Section        4  delay.o(.data)
    fac_us                                   0x20000030   Data           1  delay.o(.data)
    fac_ms                                   0x20000032   Data           2  delay.o(.data)
    .data                                    0x20000034   Section        2  usart.o(.data)
    .data                                    0x20000038   Section        4  usart.o(.data)
    .data                                    0x2000003c   Section       16  sht20.o(.data)
    .data                                    0x2000004c   Section       20  stm32f10x_rcc.o(.data)
    ADCPrescTable                            0x2000004c   Data           4  stm32f10x_rcc.o(.data)
    APBAHBPrescTable                         0x20000050   Data          16  stm32f10x_rcc.o(.data)
    .data                                    0x20000060   Section        8  multitimer.o(.data)
    timerList                                0x20000060   Data           4  multitimer.o(.data)
    platformTicksFunction                    0x20000064   Data           4  multitimer.o(.data)
    .bss                                     0x20000068   Section       32  main.o(.bss)
    led_timer                                0x20000068   Data          32  main.o(.bss)
    .bss                                     0x20000088   Section      100  ms5837.o(.bss)
    ms5832_attribute                         0x20000088   Data          20  ms5837.o(.bss)
    ms5837_origin_data                       0x2000009c   Data          32  ms5837.o(.bss)
    ms5837_fir                               0x200000bc   Data          48  ms5837.o(.bss)
    .bss                                     0x200000f0   Section       32  ms5837.o(.bss)
    .bss                                     0x20000110   Section      200  usart.o(.bss)
    .bss                                     0x200001d8   Section       32  sht20.o(.bss)
    STACK                                    0x200001f8   Section     1024  startup_stm32f10x_ld.o(STACK)

    Global Symbols

    Symbol Name                              Value     Ov Type        Size  Object(Section)

    BuildAttributes$$THM_ISAv4$P$D$K$B$S$PE$A:L22UL41UL21$X:L11$S22US41US21$IEEE1$IW$USESV6$~STKCKD$USESV7$~SHL$OTIME$ROPI$EBA8$MICROLIB$REQ8$PRES8$EABIv2 0x00000000   Number         0  anon$$obj.o ABSOLUTE
    __ARM_use_no_argv                        0x00000000   Number         0  main.o ABSOLUTE
    __use_no_errno                           0x00000000   Number         0  useno.o ABSOLUTE
    __use_no_exception_handling              0x00000000   Number         0  useno.o ABSOLUTE
    __use_no_fp                              0x00000000   Number         0  useno.o ABSOLUTE
    __use_no_heap                            0x00000000   Number         0  useno.o ABSOLUTE
    __use_no_heap_region                     0x00000000   Number         0  useno.o ABSOLUTE
    __use_no_semihosting                     0x00000000   Number         0  useno.o ABSOLUTE
    __use_no_semihosting_swi                 0x00000000   Number         0  useno.o ABSOLUTE
    __use_no_signal_handling                 0x00000000   Number         0  useno.o ABSOLUTE
    _printf_a                                0x00000000   Number         0  stubs.o ABSOLUTE
    _printf_c                                0x00000000   Number         0  stubs.o ABSOLUTE
    _printf_charcount                        0x00000000   Number         0  stubs.o ABSOLUTE
    _printf_d                                0x00000000   Number         0  stubs.o ABSOLUTE
    _printf_e                                0x00000000   Number         0  stubs.o ABSOLUTE
    _printf_f                                0x00000000   Number         0  stubs.o ABSOLUTE
    _printf_flags                            0x00000000   Number         0  stubs.o ABSOLUTE
    _printf_fp_dec                           0x00000000   Number         0  stubs.o ABSOLUTE
    _printf_fp_hex                           0x00000000   Number         0  stubs.o ABSOLUTE
    _printf_g                                0x00000000   Number         0  stubs.o ABSOLUTE
    _printf_i                                0x00000000   Number         0  stubs.o ABSOLUTE
    _printf_int_dec                          0x00000000   Number         0  stubs.o ABSOLUTE
    _printf_l                                0x00000000   Number         0  stubs.o ABSOLUTE
    _printf_lc                               0x00000000   Number         0  stubs.o ABSOLUTE
    _printf_ll                               0x00000000   Number         0  stubs.o ABSOLUTE
    _printf_lld                              0x00000000   Number         0  stubs.o ABSOLUTE
    _printf_lli                              0x00000000   Number         0  stubs.o ABSOLUTE
    _printf_llo                              0x00000000   Number         0  stubs.o ABSOLUTE
    _printf_llu                              0x00000000   Number         0  stubs.o ABSOLUTE
    _printf_llx                              0x00000000   Number         0  stubs.o ABSOLUTE
    _printf_longlong_dec                     0x00000000   Number         0  stubs.o ABSOLUTE
    _printf_longlong_hex                     0x00000000   Number         0  stubs.o ABSOLUTE
    _printf_longlong_oct                     0x00000000   Number         0  stubs.o ABSOLUTE
    _printf_ls                               0x00000000   Number         0  stubs.o ABSOLUTE
    _printf_mbtowc                           0x00000000   Number         0  stubs.o ABSOLUTE
    _printf_n                                0x00000000   Number         0  stubs.o ABSOLUTE
    _printf_o                                0x00000000   Number         0  stubs.o ABSOLUTE
    _printf_p                                0x00000000   Number         0  stubs.o ABSOLUTE
    _printf_percent                          0x00000000   Number         0  stubs.o ABSOLUTE
    _printf_pre_padding                      0x00000000   Number         0  stubs.o ABSOLUTE
    _printf_return_value                     0x00000000   Number         0  stubs.o ABSOLUTE
    _printf_s                                0x00000000   Number         0  stubs.o ABSOLUTE
    _printf_sizespec                         0x00000000   Number         0  stubs.o ABSOLUTE
    _printf_str                              0x00000000   Number         0  stubs.o ABSOLUTE
    _printf_truncate_signed                  0x00000000   Number         0  stubs.o ABSOLUTE
    _printf_truncate_unsigned                0x00000000   Number         0  stubs.o ABSOLUTE
    _printf_u                                0x00000000   Number         0  stubs.o ABSOLUTE
    _printf_wc                               0x00000000   Number         0  stubs.o ABSOLUTE
    _printf_wctomb                           0x00000000   Number         0  stubs.o ABSOLUTE
    _printf_widthprec                        0x00000000   Number         0  stubs.o ABSOLUTE
    _printf_x                                0x00000000   Number         0  stubs.o ABSOLUTE
    __cpp_initialize__aeabi_                  - Undefined Weak Reference
    __cxa_finalize                            - Undefined Weak Reference
    __decompress                              - Undefined Weak Reference
    _clock_init                               - Undefined Weak Reference
    _microlib_exit                            - Undefined Weak Reference
    __Vectors_Size                           0x000000ec   Number         0  startup_stm32f10x_ld.o ABSOLUTE
    __Vectors                                0x08000000   Data           4  startup_stm32f10x_ld.o(RESET)
    __Vectors_End                            0x080000ec   Data           0  startup_stm32f10x_ld.o(RESET)
    __main                                   0x080000ed   Thumb Code     0  entry.o(.ARM.Collect$$$$00000000)
    _main_stk                                0x080000ed   Thumb Code     0  entry2.o(.ARM.Collect$$$$00000001)
    _main_scatterload                        0x080000f1   Thumb Code     0  entry5.o(.ARM.Collect$$$$00000004)
    __main_after_scatterload                 0x080000f5   Thumb Code     0  entry5.o(.ARM.Collect$$$$00000004)
    _main_clock                              0x080000f5   Thumb Code     0  entry7b.o(.ARM.Collect$$$$00000008)
    _main_cpp_init                           0x080000f5   Thumb Code     0  entry8b.o(.ARM.Collect$$$$0000000A)
    _main_init                               0x080000f5   Thumb Code     0  entry9a.o(.ARM.Collect$$$$0000000B)
    __rt_final_cpp                           0x080000fd   Thumb Code     0  entry10a.o(.ARM.Collect$$$$0000000D)
    __rt_final_exit                          0x080000fd   Thumb Code     0  entry11a.o(.ARM.Collect$$$$0000000F)
    Reset_Handler                            0x08000101   Thumb Code     8  startup_stm32f10x_ld.o(.text)
    ADC1_2_IRQHandler                        0x0800011b   Thumb Code     0  startup_stm32f10x_ld.o(.text)
    CAN1_RX1_IRQHandler                      0x0800011b   Thumb Code     0  startup_stm32f10x_ld.o(.text)
    CAN1_SCE_IRQHandler                      0x0800011b   Thumb Code     0  startup_stm32f10x_ld.o(.text)
    DMA1_Channel1_IRQHandler                 0x0800011b   Thumb Code     0  startup_stm32f10x_ld.o(.text)
    DMA1_Channel2_IRQHandler                 0x0800011b   Thumb Code     0  startup_stm32f10x_ld.o(.text)
    DMA1_Channel3_IRQHandler                 0x0800011b   Thumb Code     0  startup_stm32f10x_ld.o(.text)
    DMA1_Channel4_IRQHandler                 0x0800011b   Thumb Code     0  startup_stm32f10x_ld.o(.text)
    DMA1_Channel5_IRQHandler                 0x0800011b   Thumb Code     0  startup_stm32f10x_ld.o(.text)
    DMA1_Channel6_IRQHandler                 0x0800011b   Thumb Code     0  startup_stm32f10x_ld.o(.text)
    DMA1_Channel7_IRQHandler                 0x0800011b   Thumb Code     0  startup_stm32f10x_ld.o(.text)
    EXTI0_IRQHandler                         0x0800011b   Thumb Code     0  startup_stm32f10x_ld.o(.text)
    EXTI15_10_IRQHandler                     0x0800011b   Thumb Code     0  startup_stm32f10x_ld.o(.text)
    EXTI1_IRQHandler                         0x0800011b   Thumb Code     0  startup_stm32f10x_ld.o(.text)
    EXTI2_IRQHandler                         0x0800011b   Thumb Code     0  startup_stm32f10x_ld.o(.text)
    EXTI3_IRQHandler                         0x0800011b   Thumb Code     0  startup_stm32f10x_ld.o(.text)
    EXTI4_IRQHandler                         0x0800011b   Thumb Code     0  startup_stm32f10x_ld.o(.text)
    EXTI9_5_IRQHandler                       0x0800011b   Thumb Code     0  startup_stm32f10x_ld.o(.text)
    FLASH_IRQHandler                         0x0800011b   Thumb Code     0  startup_stm32f10x_ld.o(.text)
    I2C1_ER_IRQHandler                       0x0800011b   Thumb Code     0  startup_stm32f10x_ld.o(.text)
    I2C1_EV_IRQHandler                       0x0800011b   Thumb Code     0  startup_stm32f10x_ld.o(.text)
    PVD_IRQHandler                           0x0800011b   Thumb Code     0  startup_stm32f10x_ld.o(.text)
    RCC_IRQHandler                           0x0800011b   Thumb Code     0  startup_stm32f10x_ld.o(.text)
    RTCAlarm_IRQHandler                      0x0800011b   Thumb Code     0  startup_stm32f10x_ld.o(.text)
    RTC_IRQHandler                           0x0800011b   Thumb Code     0  startup_stm32f10x_ld.o(.text)
    SPI1_IRQHandler                          0x0800011b   Thumb Code     0  startup_stm32f10x_ld.o(.text)
    TAMPER_IRQHandler                        0x0800011b   Thumb Code     0  startup_stm32f10x_ld.o(.text)
    TIM1_BRK_IRQHandler                      0x0800011b   Thumb Code     0  startup_stm32f10x_ld.o(.text)
    TIM1_CC_IRQHandler                       0x0800011b   Thumb Code     0  startup_stm32f10x_ld.o(.text)
    TIM1_TRG_COM_IRQHandler                  0x0800011b   Thumb Code     0  startup_stm32f10x_ld.o(.text)
    TIM1_UP_IRQHandler                       0x0800011b   Thumb Code     0  startup_stm32f10x_ld.o(.text)
    USBWakeUp_IRQHandler                     0x0800011b   Thumb Code     0  startup_stm32f10x_ld.o(.text)
    USB_HP_CAN1_TX_IRQHandler                0x0800011b   Thumb Code     0  startup_stm32f10x_ld.o(.text)
    USB_LP_CAN1_RX0_IRQHandler               0x0800011b   Thumb Code     0  startup_stm32f10x_ld.o(.text)
    WWDG_IRQHandler                          0x0800011b   Thumb Code     0  startup_stm32f10x_ld.o(.text)
    __aeabi_ldivmod                          0x08000125   Thumb Code    98  ldiv.o(.text)
    __aeabi_fadd                             0x08000187   Thumb Code   164  fadd.o(.text)
    __aeabi_fsub                             0x0800022b   Thumb Code     6  fadd.o(.text)
    __aeabi_frsub                            0x08000231   Thumb Code     6  fadd.o(.text)
    __aeabi_fmul                             0x08000237   Thumb Code   100  fmul.o(.text)
    __aeabi_fdiv                             0x0800029b   Thumb Code   124  fdiv.o(.text)
    __aeabi_dadd                             0x08000317   Thumb Code   322  dadd.o(.text)
    __aeabi_dsub                             0x08000459   Thumb Code     6  dadd.o(.text)
    __aeabi_drsub                            0x0800045f   Thumb Code     6  dadd.o(.text)
    __aeabi_dmul                             0x08000465   Thumb Code   228  dmul.o(.text)
    __aeabi_ddiv                             0x08000549   Thumb Code   222  ddiv.o(.text)
    __ARM_scalbn                             0x08000627   Thumb Code    46  dscalb.o(.text)
    scalbn                                   0x08000627   Thumb Code     0  dscalb.o(.text)
    __aeabi_i2f                              0x08000655   Thumb Code    18  fflti.o(.text)
    __aeabi_ui2f                             0x08000667   Thumb Code    10  ffltui.o(.text)
    __aeabi_ui2d                             0x08000671   Thumb Code    26  dfltui.o(.text)
    __aeabi_f2uiz                            0x0800068b   Thumb Code    40  ffixui.o(.text)
    __aeabi_f2d                              0x080006b3   Thumb Code    38  f2d.o(.text)
    __aeabi_d2f                              0x080006d9   Thumb Code    56  d2f.o(.text)
    __aeabi_uidiv                            0x08000711   Thumb Code     0  uidiv.o(.text)
    __aeabi_uidivmod                         0x08000711   Thumb Code    44  uidiv.o(.text)
    __aeabi_uldivmod                         0x0800073d   Thumb Code    98  uldiv.o(.text)
    __aeabi_llsl                             0x0800079f   Thumb Code    30  llshl.o(.text)
    _ll_shift_l                              0x0800079f   Thumb Code     0  llshl.o(.text)
    __aeabi_lasr                             0x080007bd   Thumb Code    36  llsshr.o(.text)
    _ll_sshift_r                             0x080007bd   Thumb Code     0  llsshr.o(.text)
    __I$use$fp                               0x080007e1   Thumb Code     0  iusefp.o(.text)
    _float_round                             0x080007e1   Thumb Code    18  fepilogue.o(.text)
    _float_epilogue                          0x080007f3   Thumb Code    92  fepilogue.o(.text)
    _double_round                            0x0800084f   Thumb Code    30  depilogue.o(.text)
    _double_epilogue                         0x0800086d   Thumb Code   156  depilogue.o(.text)
    __scatterload                            0x08000909   Thumb Code    28  init.o(.text)
    __scatterload_rt2                        0x08000909   Thumb Code     0  init.o(.text)
    __aeabi_llsr                             0x0800092d   Thumb Code    32  llushr.o(.text)
    _ll_ushift_r                             0x0800092d   Thumb Code     0  llushr.o(.text)
    BusFault_Handler                         0x0800094d   Thumb Code     2  stm32f10x_it.o(i.BusFault_Handler)
    DebugMon_Handler                         0x0800094f   Thumb Code     2  stm32f10x_it.o(i.DebugMon_Handler)
    GPIO_Init                                0x08000951   Thumb Code   162  stm32f10x_gpio.o(i.GPIO_Init)
    GPIO_SetBits                             0x080009f3   Thumb Code     4  stm32f10x_gpio.o(i.GPIO_SetBits)
    HardFault_Handler                        0x080009f7   Thumb Code     2  stm32f10x_it.o(i.HardFault_Handler)
    IIC_Ack                                  0x080009f9   Thumb Code    56  myiic.o(i.IIC_Ack)
    IIC_Init                                 0x08000a39   Thumb Code    48  myiic.o(i.IIC_Init)
    IIC_NAck                                 0x08000a6d   Thumb Code    56  myiic.o(i.IIC_NAck)
    IIC_Read_Byte                            0x08000aad   Thumb Code   100  myiic.o(i.IIC_Read_Byte)
    IIC_Send_Byte                            0x08000b19   Thumb Code    86  myiic.o(i.IIC_Send_Byte)
    IIC_Start                                0x08000b79   Thumb Code    56  myiic.o(i.IIC_Start)
    IIC_Stop                                 0x08000bb9   Thumb Code    58  myiic.o(i.IIC_Stop)
    IIC_Wait_Ack                             0x08000bfd   Thumb Code    78  myiic.o(i.IIC_Wait_Ack)
    LED_Init                                 0x08000c55   Thumb Code    78  led.o(i.LED_Init)
    MS5837_GetDataTask_cb                    0x0800109d   Thumb Code    92  ms5837.o(i.MS5837_GetDataTask_cb)
    MS5837_Init                              0x08001101   Thumb Code    76  ms5837.o(i.MS5837_Init)
    MS5837_ReadDepth                         0x080011f1   Thumb Code    64  ms5837.o(i.MS5837_ReadDepth)
    MS5837_ReadDepth_filtered                0x08001245   Thumb Code    70  ms5837.o(i.MS5837_ReadDepth_filtered)
    MS5837_SetRefPressure                    0x08001295   Thumb Code    12  ms5837.o(i.MS5837_SetRefPressure)
    MS5837_getData                           0x080012c9   Thumb Code    12  ms5837.o(i.MS5837_getData)
    MemManage_Handler                        0x080012d9   Thumb Code     2  stm32f10x_it.o(i.MemManage_Handler)
    MultiTimerInstall                        0x080012dd   Thumb Code     8  multitimer.o(i.MultiTimerInstall)
    MultiTimerRestart                        0x080012e9   Thumb Code    98  multitimer.o(i.MultiTimerRestart)
    MultiTimerStart                          0x08001351   Thumb Code   104  multitimer.o(i.MultiTimerStart)
    MultiTimerYield                          0x080013bd   Thumb Code    56  multitimer.o(i.MultiTimerYield)
    NMI_Handler                              0x080013f9   Thumb Code     2  stm32f10x_it.o(i.NMI_Handler)
    NVIC_Init                                0x080013fd   Thumb Code    94  misc.o(i.NVIC_Init)
    NVIC_PriorityGroupConfig                 0x08001461   Thumb Code    10  misc.o(i.NVIC_PriorityGroupConfig)
    PendSV_Handler                           0x08001475   Thumb Code     2  stm32f10x_it.o(i.PendSV_Handler)
    RCC_APB1PeriphClockCmd                   0x08001479   Thumb Code    18  stm32f10x_rcc.o(i.RCC_APB1PeriphClockCmd)
    RCC_APB2PeriphClockCmd                   0x08001491   Thumb Code    18  stm32f10x_rcc.o(i.RCC_APB2PeriphClockCmd)
    RCC_GetClocksFreq                        0x080014a9   Thumb Code   128  stm32f10x_rcc.o(i.RCC_GetClocksFreq)
    SHT20_GetDataTask_cb                     0x08001539   Thumb Code   164  sht20.o(i.SHT20_GetDataTask_cb)
    SHT20_IIC_Ack                            0x080015f9   Thumb Code    56  sht20_iic.o(i.SHT20_IIC_Ack)
    SHT20_IIC_Init                           0x08001639   Thumb Code    50  sht20_iic.o(i.SHT20_IIC_Init)
    SHT20_IIC_NAck                           0x08001671   Thumb Code    56  sht20_iic.o(i.SHT20_IIC_NAck)
    SHT20_IIC_Read_Byte                      0x080016b1   Thumb Code   100  sht20_iic.o(i.SHT20_IIC_Read_Byte)
    SHT20_IIC_Send_Byte                      0x0800171d   Thumb Code    86  sht20_iic.o(i.SHT20_IIC_Send_Byte)
    SHT20_IIC_Start                          0x0800177d   Thumb Code    56  sht20_iic.o(i.SHT20_IIC_Start)
    SHT20_IIC_Stop                           0x080017bd   Thumb Code    58  sht20_iic.o(i.SHT20_IIC_Stop)
    SHT20_IIC_Wait_Ack                       0x08001801   Thumb Code    78  sht20_iic.o(i.SHT20_IIC_Wait_Ack)
    SHT20_Init                               0x08001859   Thumb Code    66  sht20.o(i.SHT20_Init)
    SHT20_ReadUserReg                        0x080018fd   Thumb Code    56  sht20_iic.o(i.SHT20_ReadUserReg)
    SHT20_SetResolution                      0x0800198d   Thumb Code    66  sht20_iic.o(i.SHT20_SetResolution)
    SHT20_SoftReset                          0x080019cf   Thumb Code    42  sht20_iic.o(i.SHT20_SoftReset)
    SHT20_getData                            0x080019f9   Thumb Code    12  sht20.o(i.SHT20_getData)
    SVC_Handler                              0x08001a09   Thumb Code     2  stm32f10x_it.o(i.SVC_Handler)
    SysTick_CLKSourceConfig                  0x08001ab5   Thumb Code    24  misc.o(i.SysTick_CLKSourceConfig)
    SysTick_Handler                          0x08001acd   Thumb Code     2  stm32f10x_it.o(i.SysTick_Handler)
    SystemInit                               0x08001ad1   Thumb Code    64  system_stm32f10x.o(i.SystemInit)
    TIM2_IRQHandler                          0x08001b21   Thumb Code    42  main.o(i.TIM2_IRQHandler)
    TIM2_Int_Init                            0x08001b51   Thumb Code    92  main.o(i.TIM2_Int_Init)
    TIM2_SoftTimerTick                       0x08001bad   Thumb Code     8  main.o(i.TIM2_SoftTimerTick)
    TIM3_IRQHandler                          0x08001bb9   Thumb Code    32  main.o(i.TIM3_IRQHandler)
    TIM3_Int_Init                            0x08001be1   Thumb Code    90  main.o(i.TIM3_Int_Init)
    TIM_ClearITPendingBit                    0x08001c41   Thumb Code     6  stm32f10x_tim.o(i.TIM_ClearITPendingBit)
    TIM_Cmd                                  0x08001c47   Thumb Code    20  stm32f10x_tim.o(i.TIM_Cmd)
    TIM_GetITStatus                          0x08001c5b   Thumb Code    24  stm32f10x_tim.o(i.TIM_GetITStatus)
    TIM_ITConfig                             0x08001c73   Thumb Code    16  stm32f10x_tim.o(i.TIM_ITConfig)
    TIM_TimeBaseInit                         0x08001c85   Thumb Code   114  stm32f10x_tim.o(i.TIM_TimeBaseInit)
    USART1_IRQHandler                        0x08001dbd   Thumb Code    88  usart.o(i.USART1_IRQHandler)
    USART2_IRQHandler                        0x08001e21   Thumb Code     2  usart.o(i.USART2_IRQHandler)
    USART_Cmd                                0x08001e23   Thumb Code    20  stm32f10x_usart.o(i.USART_Cmd)
    USART_GetFlagStatus                      0x08001e37   Thumb Code    14  stm32f10x_usart.o(i.USART_GetFlagStatus)
    USART_GetITStatus                        0x08001e45   Thumb Code    62  stm32f10x_usart.o(i.USART_GetITStatus)
    USART_ITConfig                           0x08001e83   Thumb Code    48  stm32f10x_usart.o(i.USART_ITConfig)
    USART_Init                               0x08001eb5   Thumb Code   166  stm32f10x_usart.o(i.USART_Init)
    USART_ReceiveData                        0x08001f61   Thumb Code     8  stm32f10x_usart.o(i.USART_ReceiveData)
    USART_SendData                           0x08001f69   Thumb Code     8  stm32f10x_usart.o(i.USART_SendData)
    UsageFault_Handler                       0x08001f71   Thumb Code     2  stm32f10x_it.o(i.UsageFault_Handler)
    __0printf$1                              0x08001f75   Thumb Code    22  printf1.o(i.__0printf$1)
    __1printf$1                              0x08001f75   Thumb Code     0  printf1.o(i.__0printf$1)
    __2printf                                0x08001f75   Thumb Code     0  printf1.o(i.__0printf$1)
    __scatterload_copy                       0x08001f95   Thumb Code    14  handlers.o(i.__scatterload_copy)
    __scatterload_null                       0x08001fa3   Thumb Code     2  handlers.o(i.__scatterload_null)
    __scatterload_zeroinit                   0x08001fa5   Thumb Code    14  handlers.o(i.__scatterload_zeroinit)
    delay_init                               0x08002109   Thumb Code    46  delay.o(i.delay_init)
    delay_ms                                 0x08002145   Thumb Code    46  delay.o(i.delay_ms)
    delay_us                                 0x08002179   Thumb Code    46  delay.o(i.delay_us)
    fputc                                    0x080021ad   Thumb Code    18  usart.o(i.fputc)
    main                                     0x080021e5   Thumb Code   388  main.o(i.main)
    uart_init                                0x080023d5   Thumb Code   152  usart.o(i.uart_init)
    uart_sensor_init                         0x08002475   Thumb Code   148  usart.o(i.uart_sensor_init)
    Region$$Table$$Base                      0x08002514   Number         0  anon$$obj.o(Region$$Table)
    Region$$Table$$Limit                     0x08002534   Number         0  anon$$obj.o(Region$$Table)
    ENABLE_SEND                              0x20000000   Data           1  main.o(.data)
    TIM2_SYSTICK                             0x20000008   Data           8  main.o(.data)
    SystemCoreClock                          0x20000010   Data           4  system_stm32f10x.o(.data)
    AHBPrescTable                            0x20000014   Data          16  system_stm32f10x.o(.data)
    MS5837_STATE                             0x20000024   Data           1  ms5837.o(.data)
    USART_RX_STA                             0x20000034   Data           2  usart.o(.data)
    __stdout                                 0x20000038   Data           4  usart.o(.data)
    SHT20_STATE                              0x2000003c   Data           1  sht20.o(.data)
    origin_data                              0x2000003e   Data           4  sht20.o(.data)
    calc_data                                0x20000044   Data           8  sht20.o(.data)
    MS5837_recv_timer                        0x200000f0   Data          32  ms5837.o(.bss)
    USART_RX_BUF                             0x20000110   Data         200  usart.o(.bss)
    SHT20_recv_timer                         0x200001d8   Data          32  sht20.o(.bss)
    __initial_sp                             0x200005f8   Data           0  startup_stm32f10x_ld.o(STACK)



==============================================================================

Memory Map of the image

  Image Entry point : 0x080000ed

  Load Region LR_IROM1 (Base: 0x08000000, Size: 0x0000259c, Max: 0x00010000, ABSOLUTE)

    Execution Region ER_IROM1 (Exec base: 0x08000000, Load base: 0x08000000, Size: 0x00002534, Max: 0x00010000, ABSOLUTE)

    Exec Addr    Load Addr    Size         Type   Attr      Idx    E Section Name        Object

    0x08000000   0x08000000   0x000000ec   Data   RO          292    RESET               startup_stm32f10x_ld.o
    0x080000ec   0x080000ec   0x00000000   Code   RO         3668  * .ARM.Collect$$$$00000000  mc_w.l(entry.o)
    0x080000ec   0x080000ec   0x00000004   Code   RO         3960    .ARM.Collect$$$$00000001  mc_w.l(entry2.o)
    0x080000f0   0x080000f0   0x00000004   Code   RO         3963    .ARM.Collect$$$$00000004  mc_w.l(entry5.o)
    0x080000f4   0x080000f4   0x00000000   Code   RO         3965    .ARM.Collect$$$$00000008  mc_w.l(entry7b.o)
    0x080000f4   0x080000f4   0x00000000   Code   RO         3967    .ARM.Collect$$$$0000000A  mc_w.l(entry8b.o)
    0x080000f4   0x080000f4   0x00000008   Code   RO         3968    .ARM.Collect$$$$0000000B  mc_w.l(entry9a.o)
    0x080000fc   0x080000fc   0x00000000   Code   RO         3970    .ARM.Collect$$$$0000000D  mc_w.l(entry10a.o)
    0x080000fc   0x080000fc   0x00000000   Code   RO         3972    .ARM.Collect$$$$0000000F  mc_w.l(entry11a.o)
    0x080000fc   0x080000fc   0x00000004   Code   RO         3961    .ARM.Collect$$$$00002712  mc_w.l(entry2.o)
    0x08000100   0x08000100   0x00000024   Code   RO          293    .text               startup_stm32f10x_ld.o
    0x08000124   0x08000124   0x00000062   Code   RO         3671    .text               mc_w.l(ldiv.o)
    0x08000186   0x08000186   0x000000b0   Code   RO         3934    .text               mf_w.l(fadd.o)
    0x08000236   0x08000236   0x00000064   Code   RO         3936    .text               mf_w.l(fmul.o)
    0x0800029a   0x0800029a   0x0000007c   Code   RO         3938    .text               mf_w.l(fdiv.o)
    0x08000316   0x08000316   0x0000014e   Code   RO         3940    .text               mf_w.l(dadd.o)
    0x08000464   0x08000464   0x000000e4   Code   RO         3942    .text               mf_w.l(dmul.o)
    0x08000548   0x08000548   0x000000de   Code   RO         3944    .text               mf_w.l(ddiv.o)
    0x08000626   0x08000626   0x0000002e   Code   RO         3946    .text               mf_w.l(dscalb.o)
    0x08000654   0x08000654   0x00000012   Code   RO         3948    .text               mf_w.l(fflti.o)
    0x08000666   0x08000666   0x0000000a   Code   RO         3950    .text               mf_w.l(ffltui.o)
    0x08000670   0x08000670   0x0000001a   Code   RO         3952    .text               mf_w.l(dfltui.o)
    0x0800068a   0x0800068a   0x00000028   Code   RO         3954    .text               mf_w.l(ffixui.o)
    0x080006b2   0x080006b2   0x00000026   Code   RO         3956    .text               mf_w.l(f2d.o)
    0x080006d8   0x080006d8   0x00000038   Code   RO         3958    .text               mf_w.l(d2f.o)
    0x08000710   0x08000710   0x0000002c   Code   RO         3974    .text               mc_w.l(uidiv.o)
    0x0800073c   0x0800073c   0x00000062   Code   RO         3976    .text               mc_w.l(uldiv.o)
    0x0800079e   0x0800079e   0x0000001e   Code   RO         3978    .text               mc_w.l(llshl.o)
    0x080007bc   0x080007bc   0x00000024   Code   RO         3980    .text               mc_w.l(llsshr.o)
    0x080007e0   0x080007e0   0x00000000   Code   RO         3982    .text               mc_w.l(iusefp.o)
    0x080007e0   0x080007e0   0x0000006e   Code   RO         3983    .text               mf_w.l(fepilogue.o)
    0x0800084e   0x0800084e   0x000000ba   Code   RO         3985    .text               mf_w.l(depilogue.o)
    0x08000908   0x08000908   0x00000024   Code   RO         3991    .text               mc_w.l(init.o)
    0x0800092c   0x0800092c   0x00000020   Code   RO         3993    .text               mc_w.l(llushr.o)
    0x0800094c   0x0800094c   0x00000002   Code   RO          187    i.BusFault_Handler  stm32f10x_it.o
    0x0800094e   0x0800094e   0x00000002   Code   RO          188    i.DebugMon_Handler  stm32f10x_it.o
    0x08000950   0x08000950   0x000000a2   Code   RO         1824    i.GPIO_Init         stm32f10x_gpio.o
    0x080009f2   0x080009f2   0x00000004   Code   RO         1832    i.GPIO_SetBits      stm32f10x_gpio.o
    0x080009f6   0x080009f6   0x00000002   Code   RO          189    i.HardFault_Handler  stm32f10x_it.o
    0x080009f8   0x080009f8   0x00000040   Code   RO          367    i.IIC_Ack           myiic.o
    0x08000a38   0x08000a38   0x00000034   Code   RO          368    i.IIC_Init          myiic.o
    0x08000a6c   0x08000a6c   0x00000040   Code   RO          369    i.IIC_NAck          myiic.o
    0x08000aac   0x08000aac   0x0000006c   Code   RO          370    i.IIC_Read_Byte     myiic.o
    0x08000b18   0x08000b18   0x00000060   Code   RO          371    i.IIC_Send_Byte     myiic.o
    0x08000b78   0x08000b78   0x00000040   Code   RO          372    i.IIC_Start         myiic.o
    0x08000bb8   0x08000bb8   0x00000044   Code   RO          373    i.IIC_Stop          myiic.o
    0x08000bfc   0x08000bfc   0x00000058   Code   RO          374    i.IIC_Wait_Ack      myiic.o
    0x08000c54   0x08000c54   0x00000058   Code   RO          532    i.LED_Init          led.o
    0x08000cac   0x08000cac   0x000002ec   Code   RO          297    i.MS5837_Calculate  ms5837.o
    0x08000f98   0x08000f98   0x00000104   Code   RO          298    i.MS5837_Check      ms5837.o
    0x0800109c   0x0800109c   0x00000064   Code   RO          299    i.MS5837_GetDataTask_cb  ms5837.o
    0x08001100   0x08001100   0x00000088   Code   RO          300    i.MS5837_Init       ms5837.o
    0x08001188   0x08001188   0x00000066   Code   RO          301    i.MS5837_Read4Byte  ms5837.o
    0x080011ee   0x080011ee   0x00000002   PAD
    0x080011f0   0x080011f0   0x00000054   Code   RO          302    i.MS5837_ReadDepth  ms5837.o
    0x08001244   0x08001244   0x00000050   Code   RO          303    i.MS5837_ReadDepth_filtered  ms5837.o
    0x08001294   0x08001294   0x00000010   Code   RO          304    i.MS5837_SetRefPressure  ms5837.o
    0x080012a4   0x080012a4   0x00000024   Code   RO          305    i.MS5837_WriteByte  ms5837.o
    0x080012c8   0x080012c8   0x00000010   Code   RO          306    i.MS5837_getData    ms5837.o
    0x080012d8   0x080012d8   0x00000002   Code   RO          190    i.MemManage_Handler  stm32f10x_it.o
    0x080012da   0x080012da   0x00000002   PAD
    0x080012dc   0x080012dc   0x0000000c   Code   RO         3624    i.MultiTimerInstall  multitimer.o
    0x080012e8   0x080012e8   0x00000068   Code   RO         3625    i.MultiTimerRestart  multitimer.o
    0x08001350   0x08001350   0x0000006c   Code   RO         3626    i.MultiTimerStart   multitimer.o
    0x080013bc   0x080013bc   0x0000003c   Code   RO         3629    i.MultiTimerYield   multitimer.o
    0x080013f8   0x080013f8   0x00000002   Code   RO          191    i.NMI_Handler       stm32f10x_it.o
    0x080013fa   0x080013fa   0x00000002   PAD
    0x080013fc   0x080013fc   0x00000064   Code   RO          675    i.NVIC_Init         misc.o
    0x08001460   0x08001460   0x00000014   Code   RO          676    i.NVIC_PriorityGroupConfig  misc.o
    0x08001474   0x08001474   0x00000002   Code   RO          192    i.PendSV_Handler    stm32f10x_it.o
    0x08001476   0x08001476   0x00000002   PAD
    0x08001478   0x08001478   0x00000018   Code   RO         2240    i.RCC_APB1PeriphClockCmd  stm32f10x_rcc.o
    0x08001490   0x08001490   0x00000018   Code   RO         2242    i.RCC_APB2PeriphClockCmd  stm32f10x_rcc.o
    0x080014a8   0x080014a8   0x00000090   Code   RO         2250    i.RCC_GetClocksFreq  stm32f10x_rcc.o
    0x08001538   0x08001538   0x000000c0   Code   RO          545    i.SHT20_GetDataTask_cb  sht20.o
    0x080015f8   0x080015f8   0x00000040   Code   RO          591    i.SHT20_IIC_Ack     sht20_iic.o
    0x08001638   0x08001638   0x00000038   Code   RO          592    i.SHT20_IIC_Init    sht20_iic.o
    0x08001670   0x08001670   0x00000040   Code   RO          593    i.SHT20_IIC_NAck    sht20_iic.o
    0x080016b0   0x080016b0   0x0000006c   Code   RO          594    i.SHT20_IIC_Read_Byte  sht20_iic.o
    0x0800171c   0x0800171c   0x00000060   Code   RO          595    i.SHT20_IIC_Send_Byte  sht20_iic.o
    0x0800177c   0x0800177c   0x00000040   Code   RO          596    i.SHT20_IIC_Start   sht20_iic.o
    0x080017bc   0x080017bc   0x00000044   Code   RO          597    i.SHT20_IIC_Stop    sht20_iic.o
    0x08001800   0x08001800   0x00000058   Code   RO          598    i.SHT20_IIC_Wait_Ack  sht20_iic.o
    0x08001858   0x08001858   0x000000a4   Code   RO          546    i.SHT20_Init        sht20.o
    0x080018fc   0x080018fc   0x00000038   Code   RO          599    i.SHT20_ReadUserReg  sht20_iic.o
    0x08001934   0x08001934   0x00000034   Code   RO          547    i.SHT20_RecvRawData  sht20.o
    0x08001968   0x08001968   0x00000024   Code   RO          548    i.SHT20_SendCommand  sht20.o
    0x0800198c   0x0800198c   0x00000042   Code   RO          600    i.SHT20_SetResolution  sht20_iic.o
    0x080019ce   0x080019ce   0x0000002a   Code   RO          601    i.SHT20_SoftReset   sht20_iic.o
    0x080019f8   0x080019f8   0x00000010   Code   RO          549    i.SHT20_getData     sht20.o
    0x08001a08   0x08001a08   0x00000002   Code   RO          193    i.SVC_Handler       stm32f10x_it.o
    0x08001a0a   0x08001a0a   0x00000002   PAD
    0x08001a0c   0x08001a0c   0x000000a8   Code   RO          250    i.SetSysClockTo72   system_stm32f10x.o
    0x08001ab4   0x08001ab4   0x00000018   Code   RO          679    i.SysTick_CLKSourceConfig  misc.o
    0x08001acc   0x08001acc   0x00000002   Code   RO          194    i.SysTick_Handler   stm32f10x_it.o
    0x08001ace   0x08001ace   0x00000002   PAD
    0x08001ad0   0x08001ad0   0x00000050   Code   RO          252    i.SystemInit        system_stm32f10x.o
    0x08001b20   0x08001b20   0x00000030   Code   RO            1    i.TIM2_IRQHandler   main.o
    0x08001b50   0x08001b50   0x0000005c   Code   RO            2    i.TIM2_Int_Init     main.o
    0x08001bac   0x08001bac   0x0000000c   Code   RO            3    i.TIM2_SoftTimerTick  main.o
    0x08001bb8   0x08001bb8   0x00000028   Code   RO            4    i.TIM3_IRQHandler   main.o
    0x08001be0   0x08001be0   0x00000060   Code   RO            5    i.TIM3_Int_Init     main.o
    0x08001c40   0x08001c40   0x00000006   Code   RO         2866    i.TIM_ClearITPendingBit  stm32f10x_tim.o
    0x08001c46   0x08001c46   0x00000014   Code   RO         2871    i.TIM_Cmd           stm32f10x_tim.o
    0x08001c5a   0x08001c5a   0x00000018   Code   RO         2892    i.TIM_GetITStatus   stm32f10x_tim.o
    0x08001c72   0x08001c72   0x00000010   Code   RO         2896    i.TIM_ITConfig      stm32f10x_tim.o
    0x08001c82   0x08001c82   0x00000002   PAD
    0x08001c84   0x08001c84   0x0000009c   Code   RO         2942    i.TIM_TimeBaseInit  stm32f10x_tim.o
    0x08001d20   0x08001d20   0x0000007c   Code   RO            6    i.UART_Report       main.o
    0x08001d9c   0x08001d9c   0x00000020   Code   RO            7    i.UART_Trans        main.o
    0x08001dbc   0x08001dbc   0x00000064   Code   RO          475    i.USART1_IRQHandler  usart.o
    0x08001e20   0x08001e20   0x00000002   Code   RO          476    i.USART2_IRQHandler  usart.o
    0x08001e22   0x08001e22   0x00000014   Code   RO         3394    i.USART_Cmd         stm32f10x_usart.o
    0x08001e36   0x08001e36   0x0000000e   Code   RO         3397    i.USART_GetFlagStatus  stm32f10x_usart.o
    0x08001e44   0x08001e44   0x0000003e   Code   RO         3398    i.USART_GetITStatus  stm32f10x_usart.o
    0x08001e82   0x08001e82   0x00000030   Code   RO         3400    i.USART_ITConfig    stm32f10x_usart.o
    0x08001eb2   0x08001eb2   0x00000002   PAD
    0x08001eb4   0x08001eb4   0x000000ac   Code   RO         3401    i.USART_Init        stm32f10x_usart.o
    0x08001f60   0x08001f60   0x00000008   Code   RO         3408    i.USART_ReceiveData  stm32f10x_usart.o
    0x08001f68   0x08001f68   0x00000008   Code   RO         3411    i.USART_SendData    stm32f10x_usart.o
    0x08001f70   0x08001f70   0x00000002   Code   RO          195    i.UsageFault_Handler  stm32f10x_it.o
    0x08001f72   0x08001f72   0x00000002   PAD
    0x08001f74   0x08001f74   0x00000020   Code   RO         3718    i.__0printf$1       mc_w.l(printf1.o)
    0x08001f94   0x08001f94   0x0000000e   Code   RO         3997    i.__scatterload_copy  mc_w.l(handlers.o)
    0x08001fa2   0x08001fa2   0x00000002   Code   RO         3998    i.__scatterload_null  mc_w.l(handlers.o)
    0x08001fa4   0x08001fa4   0x0000000e   Code   RO         3999    i.__scatterload_zeroinit  mc_w.l(handlers.o)
    0x08001fb2   0x08001fb2   0x00000002   PAD
    0x08001fb4   0x08001fb4   0x00000154   Code   RO         3725    i._printf_core      mc_w.l(printf1.o)
    0x08002108   0x08002108   0x0000003c   Code   RO          421    i.delay_init        delay.o
    0x08002144   0x08002144   0x00000034   Code   RO          422    i.delay_ms          delay.o
    0x08002178   0x08002178   0x00000034   Code   RO          423    i.delay_us          delay.o
    0x080021ac   0x080021ac   0x00000018   Code   RO          478    i.fputc             usart.o
    0x080021c4   0x080021c4   0x00000020   Code   RO            8    i.led_timer_cb      main.o
    0x080021e4   0x080021e4   0x000001f0   Code   RO            9    i.main              main.o
    0x080023d4   0x080023d4   0x000000a0   Code   RO          479    i.uart_init         usart.o
    0x08002474   0x08002474   0x000000a0   Code   RO          480    i.uart_sensor_init  usart.o
    0x08002514   0x08002514   0x00000020   Data   RO         3995    Region$$Table       anon$$obj.o


    Execution Region RW_IRAM1 (Exec base: 0x20000000, Load base: 0x08002534, Size: 0x000005f8, Max: 0x00005000, ABSOLUTE)

    Exec Addr    Load Addr    Size         Type   Attr      Idx    E Section Name        Object

    0x20000000   0x08002534   0x00000010   Data   RW           11    .data               main.o
    0x20000010   0x08002544   0x00000014   Data   RW          253    .data               system_stm32f10x.o
    0x20000024   0x08002558   0x0000000c   Data   RW          309    .data               ms5837.o
    0x20000030   0x08002564   0x00000004   Data   RW          424    .data               delay.o
    0x20000034   0x08002568   0x00000002   Data   RW          483    .data               usart.o
    0x20000036   0x0800256a   0x00000002   PAD
    0x20000038   0x0800256c   0x00000004   Data   RW          485    .data               usart.o
    0x2000003c   0x08002570   0x00000010   Data   RW          551    .data               sht20.o
    0x2000004c   0x08002580   0x00000014   Data   RW         2270    .data               stm32f10x_rcc.o
    0x20000060   0x08002594   0x00000008   Data   RW         3630    .data               multitimer.o
    0x20000068        -       0x00000020   Zero   RW           10    .bss                main.o
    0x20000088        -       0x00000064   Zero   RW          307    .bss                ms5837.o
    0x200000ec   0x0800259c   0x00000004   PAD
    0x200000f0        -       0x00000020   Zero   RW          308    .bss                ms5837.o
    0x20000110        -       0x000000c8   Zero   RW          482    .bss                usart.o
    0x200001d8        -       0x00000020   Zero   RW          550    .bss                sht20.o
    0x200001f8        -       0x00000400   Zero   RW          290    STACK               startup_stm32f10x_ld.o


==============================================================================

Image component sizes


      Code (inc. data)   RO Data    RW Data    ZI Data      Debug   Object Name

         0          0          0          0          0         32   core_cm3.o
       164         26          0          4          0       1803   delay.o
        88         10          0          0          0        535   led.o
       972        142          0         16         32     259387   main.o
       144         16          0          0          0       2137   misc.o
      1578        124          0         12        132       9875   ms5837.o
       284         18          0          8          0       3600   multitimer.o
       604         66          0          0          0       4502   myiic.o
       460        136          0         16         32       4601   sht20.o
       772         68          0          0          0       6486   sht20_iic.o
        36          8        236          0       1024        820   startup_stm32f10x_ld.o
       166          0          0          0          0       2471   stm32f10x_gpio.o
        18          0          0          0          0       4046   stm32f10x_it.o
       192         28          0         20          0       4618   stm32f10x_rcc.o
       222         42          0          0          0       4605   stm32f10x_tim.o
       332          6          0          0          0       6401   stm32f10x_usart.o
       248         24          0         20          0       1913   system_stm32f10x.o
       446         38          0          6        200       5081   usart.o

    ----------------------------------------------------------------------
      6744        752        268        104       1424     322913   Object Totals
         0          0         32          0          0          0   (incl. Generated)
        18          0          0          2          4          0   (incl. Padding)

    ----------------------------------------------------------------------

      Code (inc. data)   RO Data    RW Data    ZI Data      Debug   Library Member Name

         0          0          0          0          0          0   entry.o
         0          0          0          0          0          0   entry10a.o
         0          0          0          0          0          0   entry11a.o
         8          4          0          0          0          0   entry2.o
         4          0          0          0          0          0   entry5.o
         0          0          0          0          0          0   entry7b.o
         0          0          0          0          0          0   entry8b.o
         8          4          0          0          0          0   entry9a.o
        30          0          0          0          0          0   handlers.o
        36          8          0          0          0         68   init.o
         0          0          0          0          0          0   iusefp.o
        98          0          0          0          0         84   ldiv.o
        30          0          0          0          0         68   llshl.o
        36          0          0          0          0         68   llsshr.o
        32          0          0          0          0         68   llushr.o
       372         14          0          0          0        184   printf1.o
        44          0          0          0          0         80   uidiv.o
        98          0          0          0          0         92   uldiv.o
        56          0          0          0          0         88   d2f.o
       334          0          0          0          0        148   dadd.o
       222          0          0          0          0        100   ddiv.o
       186          0          0          0          0        176   depilogue.o
        26          0          0          0          0         76   dfltui.o
       228          0          0          0          0         96   dmul.o
        46          0          0          0          0         80   dscalb.o
        38          0          0          0          0         68   f2d.o
       176          0          0          0          0        140   fadd.o
       124          0          0          0          0         88   fdiv.o
       110          0          0          0          0        168   fepilogue.o
        40          0          0          0          0         68   ffixui.o
        18          0          0          0          0         68   fflti.o
        10          0          0          0          0         68   ffltui.o
       100          0          0          0          0         76   fmul.o

    ----------------------------------------------------------------------
      2512         30          0          0          0       2220   Library Totals
         2          0          0          0          0          0   (incl. Padding)

    ----------------------------------------------------------------------

      Code (inc. data)   RO Data    RW Data    ZI Data      Debug   Library Name

       796         30          0          0          0        712   mc_w.l
      1714          0          0          0          0       1508   mf_w.l

    ----------------------------------------------------------------------
      2512         30          0          0          0       2220   Library Totals

    ----------------------------------------------------------------------

==============================================================================


      Code (inc. data)   RO Data    RW Data    ZI Data      Debug   

      9256        782        268        104       1424     319773   Grand Totals
      9256        782        268        104       1424     319773   ELF Image Totals
      9256        782        268        104          0          0   ROM Totals

==============================================================================

    Total RO  Size (Code + RO Data)                 9524 (   9.30kB)
    Total RW  Size (RW Data + ZI Data)              1528 (   1.49kB)
    Total ROM Size (Code + RO Data + RW Data)       9628 (   9.40kB)

==============================================================================

